Archive member included to satisfy reference by file (symbol)

C:\Users\Vikas G\Documents\Atmel Studio\7.0\testblink\testblink\ArduinoCore\Debug\libArduinoCore.a(main.o)
                              C:/Program Files (x86)/Atmel/Studio/7.0/Packs/atmel/ATmega_DFP/1.0.98/gcc/dev/atmega32u4/avr5/crtatmega32u4.o (main)
C:\Users\Vikas G\Documents\Atmel Studio\7.0\testblink\testblink\ArduinoCore\Debug\libArduinoCore.a(USBCore.o)
                              C:\Users\Vikas G\Documents\Atmel Studio\7.0\testblink\testblink\ArduinoCore\Debug\libArduinoCore.a(main.o) (_ZN10USBDevice_6attachEv)
C:\Users\Vikas G\Documents\Atmel Studio\7.0\testblink\testblink\ArduinoCore\Debug\libArduinoCore.a(wiring.o)
                              Sketch.o (delay)
C:\Users\Vikas G\Documents\Atmel Studio\7.0\testblink\testblink\ArduinoCore\Debug\libArduinoCore.a(wiring_digital.o)
                              Sketch.o (pinMode)
C:\Users\Vikas G\Documents\Atmel Studio\7.0\testblink\testblink\ArduinoCore\Debug\libArduinoCore.a(CDC.o)
                              C:\Users\Vikas G\Documents\Atmel Studio\7.0\testblink\testblink\ArduinoCore\Debug\libArduinoCore.a(USBCore.o) (_Z16CDC_GetInterfacePh)
C:\Users\Vikas G\Documents\Atmel Studio\7.0\testblink\testblink\ArduinoCore\Debug\libArduinoCore.a(hooks.o)
                              C:\Users\Vikas G\Documents\Atmel Studio\7.0\testblink\testblink\ArduinoCore\Debug\libArduinoCore.a(wiring.o) (yield)
C:\Users\Vikas G\Documents\Atmel Studio\7.0\testblink\testblink\ArduinoCore\Debug\libArduinoCore.a(PluggableUSB.o)
                              C:\Users\Vikas G\Documents\Atmel Studio\7.0\testblink\testblink\ArduinoCore\Debug\libArduinoCore.a(USBCore.o) (_ZN13PluggableUSB_12getInterfaceEPh)
c:/program files (x86)/atmel/studio/7.0/toolchain/avr8/avr8-gnu-toolchain/bin/../lib/gcc/avr/4.9.2/avr5\libgcc.a(_exit.o)
                              C:/Program Files (x86)/Atmel/Studio/7.0/Packs/atmel/ATmega_DFP/1.0.98/gcc/dev/atmega32u4/avr5/crtatmega32u4.o (exit)
c:/program files (x86)/atmel/studio/7.0/toolchain/avr8/avr8-gnu-toolchain/bin/../lib/gcc/avr/4.9.2/avr5\libgcc.a(_tablejump2.o)
                              C:\Users\Vikas G\Documents\Atmel Studio\7.0\testblink\testblink\ArduinoCore\Debug\libArduinoCore.a(wiring_digital.o) (__tablejump2__)
c:/program files (x86)/atmel/studio/7.0/toolchain/avr8/avr8-gnu-toolchain/bin/../lib/gcc/avr/4.9.2/avr5\libgcc.a(_copy_data.o)
                              C:\Users\Vikas G\Documents\Atmel Studio\7.0\testblink\testblink\ArduinoCore\Debug\libArduinoCore.a(USBCore.o) (__do_copy_data)
c:/program files (x86)/atmel/studio/7.0/toolchain/avr8/avr8-gnu-toolchain/bin/../lib/gcc/avr/4.9.2/avr5\libgcc.a(_clear_bss.o)
                              C:\Users\Vikas G\Documents\Atmel Studio\7.0\testblink\testblink\ArduinoCore\Debug\libArduinoCore.a(USBCore.o) (__do_clear_bss)
c:/program files (x86)/atmel/studio/7.0/toolchain/avr8/avr8-gnu-toolchain/bin/../lib/gcc/avr/4.9.2/avr5\libgcc.a(_ctors.o)
                              C:\Users\Vikas G\Documents\Atmel Studio\7.0\testblink\testblink\ArduinoCore\Debug\libArduinoCore.a(CDC.o) (__do_global_ctors)

Discarded input sections

 .data          0x00000000        0x0 C:/Program Files (x86)/Atmel/Studio/7.0/Packs/atmel/ATmega_DFP/1.0.98/gcc/dev/atmega32u4/avr5/crtatmega32u4.o
 .bss           0x00000000        0x0 C:/Program Files (x86)/Atmel/Studio/7.0/Packs/atmel/ATmega_DFP/1.0.98/gcc/dev/atmega32u4/avr5/crtatmega32u4.o
 .text          0x00000000        0x0 Sketch.o
 .data          0x00000000        0x0 Sketch.o
 .bss           0x00000000        0x0 Sketch.o
 .text          0x00000000        0x0 C:\Users\Vikas G\Documents\Atmel Studio\7.0\testblink\testblink\ArduinoCore\Debug\libArduinoCore.a(main.o)
 .data          0x00000000        0x0 C:\Users\Vikas G\Documents\Atmel Studio\7.0\testblink\testblink\ArduinoCore\Debug\libArduinoCore.a(main.o)
 .bss           0x00000000        0x0 C:\Users\Vikas G\Documents\Atmel Studio\7.0\testblink\testblink\ArduinoCore\Debug\libArduinoCore.a(main.o)
 .text.atexit   0x00000000        0x6 C:\Users\Vikas G\Documents\Atmel Studio\7.0\testblink\testblink\ArduinoCore\Debug\libArduinoCore.a(main.o)
 .text._Z8setupUSBv
                0x00000000        0x2 C:\Users\Vikas G\Documents\Atmel Studio\7.0\testblink\testblink\ArduinoCore\Debug\libArduinoCore.a(main.o)
 .group         0x00000000        0x8 C:\Users\Vikas G\Documents\Atmel Studio\7.0\testblink\testblink\ArduinoCore\Debug\libArduinoCore.a(USBCore.o)
 .text          0x00000000        0x0 C:\Users\Vikas G\Documents\Atmel Studio\7.0\testblink\testblink\ArduinoCore\Debug\libArduinoCore.a(USBCore.o)
 .data          0x00000000        0x0 C:\Users\Vikas G\Documents\Atmel Studio\7.0\testblink\testblink\ArduinoCore\Debug\libArduinoCore.a(USBCore.o)
 .bss           0x00000000        0x0 C:\Users\Vikas G\Documents\Atmel Studio\7.0\testblink\testblink\ArduinoCore\Debug\libArduinoCore.a(USBCore.o)
 .text._Z19USBGetConfigurationv
                0x00000000        0x6 C:\Users\Vikas G\Documents\Atmel Studio\7.0\testblink\testblink\ArduinoCore\Debug\libArduinoCore.a(USBCore.o)
 .text._Z12USBConnectedv
                0x00000000       0x22 C:\Users\Vikas G\Documents\Atmel Studio\7.0\testblink\testblink\ArduinoCore\Debug\libArduinoCore.a(USBCore.o)
 .text._ZN10USBDevice_C2Ev
                0x00000000        0x2 C:\Users\Vikas G\Documents\Atmel Studio\7.0\testblink\testblink\ArduinoCore\Debug\libArduinoCore.a(USBCore.o)
 .text._ZN10USBDevice_6detachEv
                0x00000000        0x2 C:\Users\Vikas G\Documents\Atmel Studio\7.0\testblink\testblink\ArduinoCore\Debug\libArduinoCore.a(USBCore.o)
 .text._ZN10USBDevice_10configuredEv
                0x00000000        0xe C:\Users\Vikas G\Documents\Atmel Studio\7.0\testblink\testblink\ArduinoCore\Debug\libArduinoCore.a(USBCore.o)
 .text._ZN10USBDevice_4pollEv
                0x00000000        0x2 C:\Users\Vikas G\Documents\Atmel Studio\7.0\testblink\testblink\ArduinoCore\Debug\libArduinoCore.a(USBCore.o)
 .text._ZN10USBDevice_10wakeupHostEv
                0x00000000       0x38 C:\Users\Vikas G\Documents\Atmel Studio\7.0\testblink\testblink\ArduinoCore\Debug\libArduinoCore.a(USBCore.o)
 .text          0x00000000        0x0 C:\Users\Vikas G\Documents\Atmel Studio\7.0\testblink\testblink\ArduinoCore\Debug\libArduinoCore.a(wiring.o)
 .data          0x00000000        0x0 C:\Users\Vikas G\Documents\Atmel Studio\7.0\testblink\testblink\ArduinoCore\Debug\libArduinoCore.a(wiring.o)
 .bss           0x00000000        0x0 C:\Users\Vikas G\Documents\Atmel Studio\7.0\testblink\testblink\ArduinoCore\Debug\libArduinoCore.a(wiring.o)
 .text.millis   0x00000000       0x18 C:\Users\Vikas G\Documents\Atmel Studio\7.0\testblink\testblink\ArduinoCore\Debug\libArduinoCore.a(wiring.o)
 .text.delayMicroseconds
                0x00000000       0x16 C:\Users\Vikas G\Documents\Atmel Studio\7.0\testblink\testblink\ArduinoCore\Debug\libArduinoCore.a(wiring.o)
 .text          0x00000000        0x0 C:\Users\Vikas G\Documents\Atmel Studio\7.0\testblink\testblink\ArduinoCore\Debug\libArduinoCore.a(wiring_digital.o)
 .data          0x00000000        0x0 C:\Users\Vikas G\Documents\Atmel Studio\7.0\testblink\testblink\ArduinoCore\Debug\libArduinoCore.a(wiring_digital.o)
 .bss           0x00000000        0x0 C:\Users\Vikas G\Documents\Atmel Studio\7.0\testblink\testblink\ArduinoCore\Debug\libArduinoCore.a(wiring_digital.o)
 .text.digitalRead
                0x00000000       0x52 C:\Users\Vikas G\Documents\Atmel Studio\7.0\testblink\testblink\ArduinoCore\Debug\libArduinoCore.a(wiring_digital.o)
 .progmem.data.analog_pin_to_channel_PGM
                0x00000000        0xc C:\Users\Vikas G\Documents\Atmel Studio\7.0\testblink\testblink\ArduinoCore\Debug\libArduinoCore.a(wiring_digital.o)
 .progmem.data.port_to_input_PGM
                0x00000000        0xe C:\Users\Vikas G\Documents\Atmel Studio\7.0\testblink\testblink\ArduinoCore\Debug\libArduinoCore.a(wiring_digital.o)
 .group         0x00000000        0x8 C:\Users\Vikas G\Documents\Atmel Studio\7.0\testblink\testblink\ArduinoCore\Debug\libArduinoCore.a(CDC.o)
 .text          0x00000000        0x0 C:\Users\Vikas G\Documents\Atmel Studio\7.0\testblink\testblink\ArduinoCore\Debug\libArduinoCore.a(CDC.o)
 .data          0x00000000        0x0 C:\Users\Vikas G\Documents\Atmel Studio\7.0\testblink\testblink\ArduinoCore\Debug\libArduinoCore.a(CDC.o)
 .bss           0x00000000        0x0 C:\Users\Vikas G\Documents\Atmel Studio\7.0\testblink\testblink\ArduinoCore\Debug\libArduinoCore.a(CDC.o)
 .text._ZN7Serial_5beginEm
                0x00000000        0xc C:\Users\Vikas G\Documents\Atmel Studio\7.0\testblink\testblink\ArduinoCore\Debug\libArduinoCore.a(CDC.o)
 .text._ZN7Serial_5beginEmh
                0x00000000        0xc C:\Users\Vikas G\Documents\Atmel Studio\7.0\testblink\testblink\ArduinoCore\Debug\libArduinoCore.a(CDC.o)
 .text._ZN7Serial_3endEv
                0x00000000        0x2 C:\Users\Vikas G\Documents\Atmel Studio\7.0\testblink\testblink\ArduinoCore\Debug\libArduinoCore.a(CDC.o)
 .text._ZN7Serial_17availableForWriteEv
                0x00000000        0xa C:\Users\Vikas G\Documents\Atmel Studio\7.0\testblink\testblink\ArduinoCore\Debug\libArduinoCore.a(CDC.o)
 .text._ZN7Serial_cvbEv
                0x00000000       0x1e C:\Users\Vikas G\Documents\Atmel Studio\7.0\testblink\testblink\ArduinoCore\Debug\libArduinoCore.a(CDC.o)
 .text._ZN7Serial_4baudEv
                0x00000000       0x18 C:\Users\Vikas G\Documents\Atmel Studio\7.0\testblink\testblink\ArduinoCore\Debug\libArduinoCore.a(CDC.o)
 .text._ZN7Serial_8stopbitsEv
                0x00000000        0x6 C:\Users\Vikas G\Documents\Atmel Studio\7.0\testblink\testblink\ArduinoCore\Debug\libArduinoCore.a(CDC.o)
 .text._ZN7Serial_10paritytypeEv
                0x00000000        0x6 C:\Users\Vikas G\Documents\Atmel Studio\7.0\testblink\testblink\ArduinoCore\Debug\libArduinoCore.a(CDC.o)
 .text._ZN7Serial_7numbitsEv
                0x00000000        0x6 C:\Users\Vikas G\Documents\Atmel Studio\7.0\testblink\testblink\ArduinoCore\Debug\libArduinoCore.a(CDC.o)
 .text._ZN7Serial_3dtrEv
                0x00000000        0x8 C:\Users\Vikas G\Documents\Atmel Studio\7.0\testblink\testblink\ArduinoCore\Debug\libArduinoCore.a(CDC.o)
 .text._ZN7Serial_3rtsEv
                0x00000000        0xa C:\Users\Vikas G\Documents\Atmel Studio\7.0\testblink\testblink\ArduinoCore\Debug\libArduinoCore.a(CDC.o)
 .text._ZN7Serial_9readBreakEv
                0x00000000       0x40 C:\Users\Vikas G\Documents\Atmel Studio\7.0\testblink\testblink\ArduinoCore\Debug\libArduinoCore.a(CDC.o)
 .text          0x00000000        0x0 C:\Users\Vikas G\Documents\Atmel Studio\7.0\testblink\testblink\ArduinoCore\Debug\libArduinoCore.a(hooks.o)
 .data          0x00000000        0x0 C:\Users\Vikas G\Documents\Atmel Studio\7.0\testblink\testblink\ArduinoCore\Debug\libArduinoCore.a(hooks.o)
 .bss           0x00000000        0x0 C:\Users\Vikas G\Documents\Atmel Studio\7.0\testblink\testblink\ArduinoCore\Debug\libArduinoCore.a(hooks.o)
 .text          0x00000000        0x0 C:\Users\Vikas G\Documents\Atmel Studio\7.0\testblink\testblink\ArduinoCore\Debug\libArduinoCore.a(PluggableUSB.o)
 .data          0x00000000        0x0 C:\Users\Vikas G\Documents\Atmel Studio\7.0\testblink\testblink\ArduinoCore\Debug\libArduinoCore.a(PluggableUSB.o)
 .bss           0x00000000        0x0 C:\Users\Vikas G\Documents\Atmel Studio\7.0\testblink\testblink\ArduinoCore\Debug\libArduinoCore.a(PluggableUSB.o)
 .text._ZN13PluggableUSB_4plugEP18PluggableUSBModule
                0x00000000       0x8e C:\Users\Vikas G\Documents\Atmel Studio\7.0\testblink\testblink\ArduinoCore\Debug\libArduinoCore.a(PluggableUSB.o)
 .text._ZN13PluggableUSB_C2Ev
                0x00000000       0x10 C:\Users\Vikas G\Documents\Atmel Studio\7.0\testblink\testblink\ArduinoCore\Debug\libArduinoCore.a(PluggableUSB.o)
 .text          0x00000000        0x0 c:/program files (x86)/atmel/studio/7.0/toolchain/avr8/avr8-gnu-toolchain/bin/../lib/gcc/avr/4.9.2/avr5\libgcc.a(_exit.o)
 .data          0x00000000        0x0 c:/program files (x86)/atmel/studio/7.0/toolchain/avr8/avr8-gnu-toolchain/bin/../lib/gcc/avr/4.9.2/avr5\libgcc.a(_exit.o)
 .bss           0x00000000        0x0 c:/program files (x86)/atmel/studio/7.0/toolchain/avr8/avr8-gnu-toolchain/bin/../lib/gcc/avr/4.9.2/avr5\libgcc.a(_exit.o)
 .text.libgcc.mul
                0x00000000        0x0 c:/program files (x86)/atmel/studio/7.0/toolchain/avr8/avr8-gnu-toolchain/bin/../lib/gcc/avr/4.9.2/avr5\libgcc.a(_exit.o)
 .text.libgcc.div
                0x00000000        0x0 c:/program files (x86)/atmel/studio/7.0/toolchain/avr8/avr8-gnu-toolchain/bin/../lib/gcc/avr/4.9.2/avr5\libgcc.a(_exit.o)
 .text.libgcc   0x00000000        0x0 c:/program files (x86)/atmel/studio/7.0/toolchain/avr8/avr8-gnu-toolchain/bin/../lib/gcc/avr/4.9.2/avr5\libgcc.a(_exit.o)
 .text.libgcc.prologue
                0x00000000        0x0 c:/program files (x86)/atmel/studio/7.0/toolchain/avr8/avr8-gnu-toolchain/bin/../lib/gcc/avr/4.9.2/avr5\libgcc.a(_exit.o)
 .text.libgcc.builtins
                0x00000000        0x0 c:/program files (x86)/atmel/studio/7.0/toolchain/avr8/avr8-gnu-toolchain/bin/../lib/gcc/avr/4.9.2/avr5\libgcc.a(_exit.o)
 .text.libgcc.fmul
                0x00000000        0x0 c:/program files (x86)/atmel/studio/7.0/toolchain/avr8/avr8-gnu-toolchain/bin/../lib/gcc/avr/4.9.2/avr5\libgcc.a(_exit.o)
 .text.libgcc.fixed
                0x00000000        0x0 c:/program files (x86)/atmel/studio/7.0/toolchain/avr8/avr8-gnu-toolchain/bin/../lib/gcc/avr/4.9.2/avr5\libgcc.a(_exit.o)
 .text          0x00000000        0x0 c:/program files (x86)/atmel/studio/7.0/toolchain/avr8/avr8-gnu-toolchain/bin/../lib/gcc/avr/4.9.2/avr5\libgcc.a(_tablejump2.o)
 .data          0x00000000        0x0 c:/program files (x86)/atmel/studio/7.0/toolchain/avr8/avr8-gnu-toolchain/bin/../lib/gcc/avr/4.9.2/avr5\libgcc.a(_tablejump2.o)
 .bss           0x00000000        0x0 c:/program files (x86)/atmel/studio/7.0/toolchain/avr8/avr8-gnu-toolchain/bin/../lib/gcc/avr/4.9.2/avr5\libgcc.a(_tablejump2.o)
 .text.libgcc.mul
                0x00000000        0x0 c:/program files (x86)/atmel/studio/7.0/toolchain/avr8/avr8-gnu-toolchain/bin/../lib/gcc/avr/4.9.2/avr5\libgcc.a(_tablejump2.o)
 .text.libgcc.div
                0x00000000        0x0 c:/program files (x86)/atmel/studio/7.0/toolchain/avr8/avr8-gnu-toolchain/bin/../lib/gcc/avr/4.9.2/avr5\libgcc.a(_tablejump2.o)
 .text.libgcc.prologue
                0x00000000        0x0 c:/program files (x86)/atmel/studio/7.0/toolchain/avr8/avr8-gnu-toolchain/bin/../lib/gcc/avr/4.9.2/avr5\libgcc.a(_tablejump2.o)
 .text.libgcc.builtins
                0x00000000        0x0 c:/program files (x86)/atmel/studio/7.0/toolchain/avr8/avr8-gnu-toolchain/bin/../lib/gcc/avr/4.9.2/avr5\libgcc.a(_tablejump2.o)
 .text.libgcc.fmul
                0x00000000        0x0 c:/program files (x86)/atmel/studio/7.0/toolchain/avr8/avr8-gnu-toolchain/bin/../lib/gcc/avr/4.9.2/avr5\libgcc.a(_tablejump2.o)
 .text.libgcc.fixed
                0x00000000        0x0 c:/program files (x86)/atmel/studio/7.0/toolchain/avr8/avr8-gnu-toolchain/bin/../lib/gcc/avr/4.9.2/avr5\libgcc.a(_tablejump2.o)
 .text          0x00000000        0x0 c:/program files (x86)/atmel/studio/7.0/toolchain/avr8/avr8-gnu-toolchain/bin/../lib/gcc/avr/4.9.2/avr5\libgcc.a(_copy_data.o)
 .data          0x00000000        0x0 c:/program files (x86)/atmel/studio/7.0/toolchain/avr8/avr8-gnu-toolchain/bin/../lib/gcc/avr/4.9.2/avr5\libgcc.a(_copy_data.o)
 .bss           0x00000000        0x0 c:/program files (x86)/atmel/studio/7.0/toolchain/avr8/avr8-gnu-toolchain/bin/../lib/gcc/avr/4.9.2/avr5\libgcc.a(_copy_data.o)
 .text.libgcc.mul
                0x00000000        0x0 c:/program files (x86)/atmel/studio/7.0/toolchain/avr8/avr8-gnu-toolchain/bin/../lib/gcc/avr/4.9.2/avr5\libgcc.a(_copy_data.o)
 .text.libgcc.div
                0x00000000        0x0 c:/program files (x86)/atmel/studio/7.0/toolchain/avr8/avr8-gnu-toolchain/bin/../lib/gcc/avr/4.9.2/avr5\libgcc.a(_copy_data.o)
 .text.libgcc   0x00000000        0x0 c:/program files (x86)/atmel/studio/7.0/toolchain/avr8/avr8-gnu-toolchain/bin/../lib/gcc/avr/4.9.2/avr5\libgcc.a(_copy_data.o)
 .text.libgcc.prologue
                0x00000000        0x0 c:/program files (x86)/atmel/studio/7.0/toolchain/avr8/avr8-gnu-toolchain/bin/../lib/gcc/avr/4.9.2/avr5\libgcc.a(_copy_data.o)
 .text.libgcc.builtins
                0x00000000        0x0 c:/program files (x86)/atmel/studio/7.0/toolchain/avr8/avr8-gnu-toolchain/bin/../lib/gcc/avr/4.9.2/avr5\libgcc.a(_copy_data.o)
 .text.libgcc.fmul
                0x00000000        0x0 c:/program files (x86)/atmel/studio/7.0/toolchain/avr8/avr8-gnu-toolchain/bin/../lib/gcc/avr/4.9.2/avr5\libgcc.a(_copy_data.o)
 .text.libgcc.fixed
                0x00000000        0x0 c:/program files (x86)/atmel/studio/7.0/toolchain/avr8/avr8-gnu-toolchain/bin/../lib/gcc/avr/4.9.2/avr5\libgcc.a(_copy_data.o)
 .text          0x00000000        0x0 c:/program files (x86)/atmel/studio/7.0/toolchain/avr8/avr8-gnu-toolchain/bin/../lib/gcc/avr/4.9.2/avr5\libgcc.a(_clear_bss.o)
 .data          0x00000000        0x0 c:/program files (x86)/atmel/studio/7.0/toolchain/avr8/avr8-gnu-toolchain/bin/../lib/gcc/avr/4.9.2/avr5\libgcc.a(_clear_bss.o)
 .bss           0x00000000        0x0 c:/program files (x86)/atmel/studio/7.0/toolchain/avr8/avr8-gnu-toolchain/bin/../lib/gcc/avr/4.9.2/avr5\libgcc.a(_clear_bss.o)
 .text.libgcc.mul
                0x00000000        0x0 c:/program files (x86)/atmel/studio/7.0/toolchain/avr8/avr8-gnu-toolchain/bin/../lib/gcc/avr/4.9.2/avr5\libgcc.a(_clear_bss.o)
 .text.libgcc.div
                0x00000000        0x0 c:/program files (x86)/atmel/studio/7.0/toolchain/avr8/avr8-gnu-toolchain/bin/../lib/gcc/avr/4.9.2/avr5\libgcc.a(_clear_bss.o)
 .text.libgcc   0x00000000        0x0 c:/program files (x86)/atmel/studio/7.0/toolchain/avr8/avr8-gnu-toolchain/bin/../lib/gcc/avr/4.9.2/avr5\libgcc.a(_clear_bss.o)
 .text.libgcc.prologue
                0x00000000        0x0 c:/program files (x86)/atmel/studio/7.0/toolchain/avr8/avr8-gnu-toolchain/bin/../lib/gcc/avr/4.9.2/avr5\libgcc.a(_clear_bss.o)
 .text.libgcc.builtins
                0x00000000        0x0 c:/program files (x86)/atmel/studio/7.0/toolchain/avr8/avr8-gnu-toolchain/bin/../lib/gcc/avr/4.9.2/avr5\libgcc.a(_clear_bss.o)
 .text.libgcc.fmul
                0x00000000        0x0 c:/program files (x86)/atmel/studio/7.0/toolchain/avr8/avr8-gnu-toolchain/bin/../lib/gcc/avr/4.9.2/avr5\libgcc.a(_clear_bss.o)
 .text.libgcc.fixed
                0x00000000        0x0 c:/program files (x86)/atmel/studio/7.0/toolchain/avr8/avr8-gnu-toolchain/bin/../lib/gcc/avr/4.9.2/avr5\libgcc.a(_clear_bss.o)
 .text          0x00000000        0x0 c:/program files (x86)/atmel/studio/7.0/toolchain/avr8/avr8-gnu-toolchain/bin/../lib/gcc/avr/4.9.2/avr5\libgcc.a(_ctors.o)
 .data          0x00000000        0x0 c:/program files (x86)/atmel/studio/7.0/toolchain/avr8/avr8-gnu-toolchain/bin/../lib/gcc/avr/4.9.2/avr5\libgcc.a(_ctors.o)
 .bss           0x00000000        0x0 c:/program files (x86)/atmel/studio/7.0/toolchain/avr8/avr8-gnu-toolchain/bin/../lib/gcc/avr/4.9.2/avr5\libgcc.a(_ctors.o)
 .text.libgcc.mul
                0x00000000        0x0 c:/program files (x86)/atmel/studio/7.0/toolchain/avr8/avr8-gnu-toolchain/bin/../lib/gcc/avr/4.9.2/avr5\libgcc.a(_ctors.o)
 .text.libgcc.div
                0x00000000        0x0 c:/program files (x86)/atmel/studio/7.0/toolchain/avr8/avr8-gnu-toolchain/bin/../lib/gcc/avr/4.9.2/avr5\libgcc.a(_ctors.o)
 .text.libgcc   0x00000000        0x0 c:/program files (x86)/atmel/studio/7.0/toolchain/avr8/avr8-gnu-toolchain/bin/../lib/gcc/avr/4.9.2/avr5\libgcc.a(_ctors.o)
 .text.libgcc.prologue
                0x00000000        0x0 c:/program files (x86)/atmel/studio/7.0/toolchain/avr8/avr8-gnu-toolchain/bin/../lib/gcc/avr/4.9.2/avr5\libgcc.a(_ctors.o)
 .text.libgcc.builtins
                0x00000000        0x0 c:/program files (x86)/atmel/studio/7.0/toolchain/avr8/avr8-gnu-toolchain/bin/../lib/gcc/avr/4.9.2/avr5\libgcc.a(_ctors.o)
 .text.libgcc.fmul
                0x00000000        0x0 c:/program files (x86)/atmel/studio/7.0/toolchain/avr8/avr8-gnu-toolchain/bin/../lib/gcc/avr/4.9.2/avr5\libgcc.a(_ctors.o)
 .text.libgcc.fixed
                0x00000000        0x0 c:/program files (x86)/atmel/studio/7.0/toolchain/avr8/avr8-gnu-toolchain/bin/../lib/gcc/avr/4.9.2/avr5\libgcc.a(_ctors.o)

Memory Configuration

Name             Origin             Length             Attributes
text             0x00000000         0x00020000         xr
data             0x00800060         0x0000ffa0         rw !x
eeprom           0x00810000         0x00010000         rw !x
fuse             0x00820000         0x00000400         rw !x
lock             0x00830000         0x00000400         rw !x
signature        0x00840000         0x00000400         rw !x
user_signatures  0x00850000         0x00000400         rw !x
*default*        0x00000000         0xffffffff

Linker script and memory map

Address of section .data set to 0x800100
LOAD C:/Program Files (x86)/Atmel/Studio/7.0/Packs/atmel/ATmega_DFP/1.0.98/gcc/dev/atmega32u4/avr5/crtatmega32u4.o
LOAD Sketch.o
START GROUP
LOAD c:/program files (x86)/atmel/studio/7.0/toolchain/avr8/avr8-gnu-toolchain/bin/../lib/gcc/avr/4.9.2/../../../../avr/lib/avr5\libm.a
LOAD C:\Users\Vikas G\Documents\Atmel Studio\7.0\testblink\testblink\ArduinoCore\Debug\libArduinoCore.a
END GROUP
LOAD c:/program files (x86)/atmel/studio/7.0/toolchain/avr8/avr8-gnu-toolchain/bin/../lib/gcc/avr/4.9.2/avr5\libgcc.a
LOAD c:/program files (x86)/atmel/studio/7.0/toolchain/avr8/avr8-gnu-toolchain/bin/../lib/gcc/avr/4.9.2/../../../../avr/lib/avr5\libm.a
START GROUP
LOAD c:/program files (x86)/atmel/studio/7.0/toolchain/avr8/avr8-gnu-toolchain/bin/../lib/gcc/avr/4.9.2/avr5\libgcc.a
LOAD c:/program files (x86)/atmel/studio/7.0/toolchain/avr8/avr8-gnu-toolchain/bin/../lib/gcc/avr/4.9.2/../../../../avr/lib/avr5\libm.a
LOAD c:/program files (x86)/atmel/studio/7.0/toolchain/avr8/avr8-gnu-toolchain/bin/../lib/gcc/avr/4.9.2/../../../../avr/lib/avr5\libc.a
LOAD C:/Program Files (x86)/Atmel/Studio/7.0/Packs/atmel/ATmega_DFP/1.0.98/gcc/dev/atmega32u4/avr5\libatmega32u4.a
END GROUP

.hash
 *(.hash)

.dynsym
 *(.dynsym)

.dynstr
 *(.dynstr)

.gnu.version
 *(.gnu.version)

.gnu.version_d
 *(.gnu.version_d)

.gnu.version_r
 *(.gnu.version_r)

.rel.init
 *(.rel.init)

.rela.init
 *(.rela.init)

.rel.text
 *(.rel.text)
 *(.rel.text.*)
 *(.rel.gnu.linkonce.t*)

.rela.text
 *(.rela.text)
 *(.rela.text.*)
 *(.rela.gnu.linkonce.t*)

.rel.fini
 *(.rel.fini)

.rela.fini
 *(.rela.fini)

.rel.rodata
 *(.rel.rodata)
 *(.rel.rodata.*)
 *(.rel.gnu.linkonce.r*)

.rela.rodata
 *(.rela.rodata)
 *(.rela.rodata.*)
 *(.rela.gnu.linkonce.r*)

.rel.data
 *(.rel.data)
 *(.rel.data.*)
 *(.rel.gnu.linkonce.d*)

.rela.data
 *(.rela.data)
 *(.rela.data.*)
 *(.rela.gnu.linkonce.d*)

.rel.ctors
 *(.rel.ctors)

.rela.ctors
 *(.rela.ctors)

.rel.dtors
 *(.rel.dtors)

.rela.dtors
 *(.rela.dtors)

.rel.got
 *(.rel.got)

.rela.got
 *(.rela.got)

.rel.bss
 *(.rel.bss)

.rela.bss
 *(.rela.bss)

.rel.plt
 *(.rel.plt)

.rela.plt
 *(.rela.plt)

.text           0x00000000     0x116c
 *(.vectors)
 .vectors       0x00000000       0xac C:/Program Files (x86)/Atmel/Studio/7.0/Packs/atmel/ATmega_DFP/1.0.98/gcc/dev/atmega32u4/avr5/crtatmega32u4.o
                0x00000000                __vector_default
                0x00000000                __vectors
 *(.vectors)
 *(.progmem.gcc*)
 .progmem.gcc_sw_table.turnOffPWM
                0x000000ac       0x1e C:\Users\Vikas G\Documents\Atmel Studio\7.0\testblink\testblink\ArduinoCore\Debug\libArduinoCore.a(wiring_digital.o)
                0x000000ca                . = ALIGN (0x2)
                0x000000ca                __trampolines_start = .
 *(.trampolines)
 .trampolines   0x000000ca        0x0 linker stubs
 *(.trampolines*)
                0x000000ca                __trampolines_end = .
 *(.progmem*)
 .progmem.data.USB_DeviceDescriptorB
                0x000000ca       0x12 C:\Users\Vikas G\Documents\Atmel Studio\7.0\testblink\testblink\ArduinoCore\Debug\libArduinoCore.a(USBCore.o)
                0x000000ca                USB_DeviceDescriptorB
 .progmem.data.USB_DeviceDescriptor
                0x000000dc       0x12 C:\Users\Vikas G\Documents\Atmel Studio\7.0\testblink\testblink\ArduinoCore\Debug\libArduinoCore.a(USBCore.o)
                0x000000dc                USB_DeviceDescriptor
 .progmem.data.STRING_MANUFACTURER
                0x000000ee        0xc C:\Users\Vikas G\Documents\Atmel Studio\7.0\testblink\testblink\ArduinoCore\Debug\libArduinoCore.a(USBCore.o)
                0x000000ee                STRING_MANUFACTURER
 .progmem.data.STRING_PRODUCT
                0x000000fa       0x11 C:\Users\Vikas G\Documents\Atmel Studio\7.0\testblink\testblink\ArduinoCore\Debug\libArduinoCore.a(USBCore.o)
                0x000000fa                STRING_PRODUCT
 .progmem.data.STRING_LANGUAGE
                0x0000010b        0x4 C:\Users\Vikas G\Documents\Atmel Studio\7.0\testblink\testblink\ArduinoCore\Debug\libArduinoCore.a(USBCore.o)
                0x0000010b                STRING_LANGUAGE
 .progmem.data.digital_pin_to_timer_PGM
                0x0000010f       0x1f C:\Users\Vikas G\Documents\Atmel Studio\7.0\testblink\testblink\ArduinoCore\Debug\libArduinoCore.a(wiring_digital.o)
                0x0000010f                digital_pin_to_timer_PGM
 .progmem.data.digital_pin_to_bit_mask_PGM
                0x0000012e       0x1f C:\Users\Vikas G\Documents\Atmel Studio\7.0\testblink\testblink\ArduinoCore\Debug\libArduinoCore.a(wiring_digital.o)
                0x0000012e                digital_pin_to_bit_mask_PGM
 .progmem.data.digital_pin_to_port_PGM
                0x0000014d       0x1f C:\Users\Vikas G\Documents\Atmel Studio\7.0\testblink\testblink\ArduinoCore\Debug\libArduinoCore.a(wiring_digital.o)
                0x0000014d                digital_pin_to_port_PGM
 .progmem.data.port_to_output_PGM
                0x0000016c        0xe C:\Users\Vikas G\Documents\Atmel Studio\7.0\testblink\testblink\ArduinoCore\Debug\libArduinoCore.a(wiring_digital.o)
                0x0000016c                port_to_output_PGM
 .progmem.data.port_to_mode_PGM
                0x0000017a        0xe C:\Users\Vikas G\Documents\Atmel Studio\7.0\testblink\testblink\ArduinoCore\Debug\libArduinoCore.a(wiring_digital.o)
                0x0000017a                port_to_mode_PGM
 .progmem.data._cdcInterface
                0x00000188       0x42 C:\Users\Vikas G\Documents\Atmel Studio\7.0\testblink\testblink\ArduinoCore\Debug\libArduinoCore.a(CDC.o)
                0x00000188                _cdcInterface
                0x000001ca                . = ALIGN (0x2)
 *(.jumptables)
 *(.jumptables*)
 *(.lowtext)
 *(.lowtext*)
                0x000001ca                __ctors_start = .
 *(.ctors)
 .ctors         0x000001ca        0x2 C:\Users\Vikas G\Documents\Atmel Studio\7.0\testblink\testblink\ArduinoCore\Debug\libArduinoCore.a(CDC.o)
                0x000001cc                __ctors_end = .
                0x000001cc                __dtors_start = .
 *(.dtors)
                0x000001cc                __dtors_end = .
 SORT(*)(.ctors)
 SORT(*)(.dtors)
 *(.init0)
 .init0         0x000001cc        0x0 C:/Program Files (x86)/Atmel/Studio/7.0/Packs/atmel/ATmega_DFP/1.0.98/gcc/dev/atmega32u4/avr5/crtatmega32u4.o
                0x000001cc                __init
 *(.init0)
 *(.init1)
 *(.init1)
 *(.init2)
 .init2         0x000001cc        0xc C:/Program Files (x86)/Atmel/Studio/7.0/Packs/atmel/ATmega_DFP/1.0.98/gcc/dev/atmega32u4/avr5/crtatmega32u4.o
 *(.init2)
 *(.init3)
 *(.init3)
 *(.init4)
 .init4         0x000001d8       0x16 c:/program files (x86)/atmel/studio/7.0/toolchain/avr8/avr8-gnu-toolchain/bin/../lib/gcc/avr/4.9.2/avr5\libgcc.a(_copy_data.o)
                0x000001d8                __do_copy_data
 .init4         0x000001ee       0x10 c:/program files (x86)/atmel/studio/7.0/toolchain/avr8/avr8-gnu-toolchain/bin/../lib/gcc/avr/4.9.2/avr5\libgcc.a(_clear_bss.o)
                0x000001ee                __do_clear_bss
 *(.init4)
 *(.init5)
 *(.init5)
 *(.init6)
 .init6         0x000001fe       0x16 c:/program files (x86)/atmel/studio/7.0/toolchain/avr8/avr8-gnu-toolchain/bin/../lib/gcc/avr/4.9.2/avr5\libgcc.a(_ctors.o)
                0x000001fe                __do_global_ctors
 *(.init6)
 *(.init7)
 *(.init7)
 *(.init8)
 *(.init8)
 *(.init9)
 .init9         0x00000214        0x8 C:/Program Files (x86)/Atmel/Studio/7.0/Packs/atmel/ATmega_DFP/1.0.98/gcc/dev/atmega32u4/avr5/crtatmega32u4.o
 *(.init9)
 *(.text)
 .text          0x0000021c        0x4 C:/Program Files (x86)/Atmel/Studio/7.0/Packs/atmel/ATmega_DFP/1.0.98/gcc/dev/atmega32u4/avr5/crtatmega32u4.o
                0x0000021c                __vector_38
                0x0000021c                __vector_22
                0x0000021c                __vector_28
                0x0000021c                __vector_1
                0x0000021c                __vector_32
                0x0000021c                __vector_34
                0x0000021c                __vector_24
                0x0000021c                __vector_12
                0x0000021c                __bad_interrupt
                0x0000021c                __vector_6
                0x0000021c                __vector_31
                0x0000021c                __vector_35
                0x0000021c                __vector_39
                0x0000021c                __vector_3
                0x0000021c                __vector_30
                0x0000021c                __vector_25
                0x0000021c                __vector_13
                0x0000021c                __vector_17
                0x0000021c                __vector_19
                0x0000021c                __vector_7
                0x0000021c                __vector_41
                0x0000021c                __vector_27
                0x0000021c                __vector_5
                0x0000021c                __vector_33
                0x0000021c                __vector_37
                0x0000021c                __vector_4
                0x0000021c                __vector_9
                0x0000021c                __vector_2
                0x0000021c                __vector_21
                0x0000021c                __vector_15
                0x0000021c                __vector_36
                0x0000021c                __vector_29
                0x0000021c                __vector_40
                0x0000021c                __vector_8
                0x0000021c                __vector_26
                0x0000021c                __vector_14
                0x0000021c                __vector_16
                0x0000021c                __vector_18
                0x0000021c                __vector_20
                0x0000021c                __vector_42
                0x00000220                . = ALIGN (0x2)
 *(.text.*)
 .text.setup    0x00000220        0x8 Sketch.o
                0x00000220                setup
 .text.loop     0x00000228       0x28 Sketch.o
                0x00000228                loop
 .text.initVariant
                0x00000250        0x2 C:\Users\Vikas G\Documents\Atmel Studio\7.0\testblink\testblink\ArduinoCore\Debug\libArduinoCore.a(main.o)
                0x00000250                initVariant
 .text.startup.main
                0x00000252       0x26 C:\Users\Vikas G\Documents\Atmel Studio\7.0\testblink\testblink\ArduinoCore\Debug\libArduinoCore.a(main.o)
                0x00000252                main
 .text._ZL4RecvPVhh
                0x00000278       0x1a C:\Users\Vikas G\Documents\Atmel Studio\7.0\testblink\testblink\ArduinoCore\Debug\libArduinoCore.a(USBCore.o)
 .text._ZL11SendControlh
                0x00000292       0x5c C:\Users\Vikas G\Documents\Atmel Studio\7.0\testblink\testblink\ArduinoCore\Debug\libArduinoCore.a(USBCore.o)
 .text._ZL24USB_SendStringDescriptorPKhhh
                0x000002ee       0x7a C:\Users\Vikas G\Documents\Atmel Studio\7.0\testblink\testblink\ArduinoCore\Debug\libArduinoCore.a(USBCore.o)
 .text._ZL15USB_ClockEnablev
                0x00000368       0x46 C:\Users\Vikas G\Documents\Atmel Studio\7.0\testblink\testblink\ArduinoCore\Debug\libArduinoCore.a(USBCore.o)
 .text._ZL14SendInterfacesv
                0x000003ae       0x2c C:\Users\Vikas G\Documents\Atmel Studio\7.0\testblink\testblink\ArduinoCore\Debug\libArduinoCore.a(USBCore.o)
 .text._ZN6LockEPC2Eh
                0x000003da       0x10 C:\Users\Vikas G\Documents\Atmel Studio\7.0\testblink\testblink\ArduinoCore\Debug\libArduinoCore.a(USBCore.o)
                0x000003da                _ZN6LockEPC2Eh
                0x000003da                _ZN6LockEPC1Eh
 .text._Z13USB_Availableh
                0x000003ea       0x24 C:\Users\Vikas G\Documents\Atmel Studio\7.0\testblink\testblink\ArduinoCore\Debug\libArduinoCore.a(USBCore.o)
                0x000003ea                _Z13USB_Availableh
 .text._Z8USB_RecvhPvi
                0x0000040e       0x88 C:\Users\Vikas G\Documents\Atmel Studio\7.0\testblink\testblink\ArduinoCore\Debug\libArduinoCore.a(USBCore.o)
                0x0000040e                _Z8USB_RecvhPvi
 .text._Z8USB_Recvh
                0x00000496       0x2e C:\Users\Vikas G\Documents\Atmel Studio\7.0\testblink\testblink\ArduinoCore\Debug\libArduinoCore.a(USBCore.o)
                0x00000496                _Z8USB_Recvh
 .text._Z13USB_SendSpaceh
                0x000004c4       0x34 C:\Users\Vikas G\Documents\Atmel Studio\7.0\testblink\testblink\ArduinoCore\Debug\libArduinoCore.a(USBCore.o)
                0x000004c4                _Z13USB_SendSpaceh
 .text._Z8USB_SendhPKvi
                0x000004f8      0x11a C:\Users\Vikas G\Documents\Atmel Studio\7.0\testblink\testblink\ArduinoCore\Debug\libArduinoCore.a(USBCore.o)
                0x000004f8                _Z8USB_SendhPKvi
 .text._Z11InitControli
                0x00000612       0x16 C:\Users\Vikas G\Documents\Atmel Studio\7.0\testblink\testblink\ArduinoCore\Debug\libArduinoCore.a(USBCore.o)
                0x00000612                _Z11InitControli
 .text._Z15USB_SendControlhPKvi
                0x00000628       0x4e C:\Users\Vikas G\Documents\Atmel Studio\7.0\testblink\testblink\ArduinoCore\Debug\libArduinoCore.a(USBCore.o)
                0x00000628                _Z15USB_SendControlhPKvi
 .text._Z15USB_RecvControlPvi
                0x00000676       0x66 C:\Users\Vikas G\Documents\Atmel Studio\7.0\testblink\testblink\ArduinoCore\Debug\libArduinoCore.a(USBCore.o)
                0x00000676                _Z15USB_RecvControlPvi
 .text.__vector_11
                0x000006dc      0x2ce C:\Users\Vikas G\Documents\Atmel Studio\7.0\testblink\testblink\ArduinoCore\Debug\libArduinoCore.a(USBCore.o)
                0x000006dc                __vector_11
 .text._Z9USB_Flushh
                0x000009aa       0x14 C:\Users\Vikas G\Documents\Atmel Studio\7.0\testblink\testblink\ArduinoCore\Debug\libArduinoCore.a(USBCore.o)
                0x000009aa                _Z9USB_Flushh
 .text.__vector_10
                0x000009be      0x106 C:\Users\Vikas G\Documents\Atmel Studio\7.0\testblink\testblink\ArduinoCore\Debug\libArduinoCore.a(USBCore.o)
                0x000009be                __vector_10
 .text._ZN10USBDevice_6attachEv
                0x00000ac4       0x26 C:\Users\Vikas G\Documents\Atmel Studio\7.0\testblink\testblink\ArduinoCore\Debug\libArduinoCore.a(USBCore.o)
                0x00000ac4                _ZN10USBDevice_6attachEv
 .text.__vector_23
                0x00000aea       0x94 C:\Users\Vikas G\Documents\Atmel Studio\7.0\testblink\testblink\ArduinoCore\Debug\libArduinoCore.a(wiring.o)
                0x00000aea                __vector_23
 .text.micros   0x00000b7e       0x4a C:\Users\Vikas G\Documents\Atmel Studio\7.0\testblink\testblink\ArduinoCore\Debug\libArduinoCore.a(wiring.o)
                0x00000b7e                micros
 .text.delay    0x00000bc8       0x78 C:\Users\Vikas G\Documents\Atmel Studio\7.0\testblink\testblink\ArduinoCore\Debug\libArduinoCore.a(wiring.o)
                0x00000bc8                delay
 .text.init     0x00000c40       0xac C:\Users\Vikas G\Documents\Atmel Studio\7.0\testblink\testblink\ArduinoCore\Debug\libArduinoCore.a(wiring.o)
                0x00000c40                init
 .text.turnOffPWM
                0x00000cec       0x7a C:\Users\Vikas G\Documents\Atmel Studio\7.0\testblink\testblink\ArduinoCore\Debug\libArduinoCore.a(wiring_digital.o)
 .text.pinMode  0x00000d66       0x78 C:\Users\Vikas G\Documents\Atmel Studio\7.0\testblink\testblink\ArduinoCore\Debug\libArduinoCore.a(wiring_digital.o)
                0x00000d66                pinMode
 .text.digitalWrite
                0x00000dde       0x60 C:\Users\Vikas G\Documents\Atmel Studio\7.0\testblink\testblink\ArduinoCore\Debug\libArduinoCore.a(wiring_digital.o)
                0x00000dde                digitalWrite
 .text._ZN7Serial_5writeEh
                0x00000e3e       0x2c C:\Users\Vikas G\Documents\Atmel Studio\7.0\testblink\testblink\ArduinoCore\Debug\libArduinoCore.a(CDC.o)
                0x00000e3e                _ZN7Serial_5writeEh
 .text._ZN7Serial_4peekEv
                0x00000e6a       0x22 C:\Users\Vikas G\Documents\Atmel Studio\7.0\testblink\testblink\ArduinoCore\Debug\libArduinoCore.a(CDC.o)
                0x00000e6a                _ZN7Serial_4peekEv
 .text._ZN7Serial_5flushEv
                0x00000e8c        0x6 C:\Users\Vikas G\Documents\Atmel Studio\7.0\testblink\testblink\ArduinoCore\Debug\libArduinoCore.a(CDC.o)
                0x00000e8c                _ZN7Serial_5flushEv
 .text._ZN7Serial_9availableEv
                0x00000e92       0x20 C:\Users\Vikas G\Documents\Atmel Studio\7.0\testblink\testblink\ArduinoCore\Debug\libArduinoCore.a(CDC.o)
                0x00000e92                _ZN7Serial_9availableEv
 .text._ZN7Serial_4readEv
                0x00000eb2       0x1a C:\Users\Vikas G\Documents\Atmel Studio\7.0\testblink\testblink\ArduinoCore\Debug\libArduinoCore.a(CDC.o)
                0x00000eb2                _ZN7Serial_4readEv
 .text._ZN7Serial_5writeEPKhj
                0x00000ecc       0x2c C:\Users\Vikas G\Documents\Atmel Studio\7.0\testblink\testblink\ArduinoCore\Debug\libArduinoCore.a(CDC.o)
                0x00000ecc                _ZN7Serial_5writeEPKhj
 .text._Z16CDC_GetInterfacePh
                0x00000ef8       0x16 C:\Users\Vikas G\Documents\Atmel Studio\7.0\testblink\testblink\ArduinoCore\Debug\libArduinoCore.a(CDC.o)
                0x00000ef8                _Z16CDC_GetInterfacePh
 .text._Z9CDC_SetupR8USBSetup
                0x00000f0e       0xf0 C:\Users\Vikas G\Documents\Atmel Studio\7.0\testblink\testblink\ArduinoCore\Debug\libArduinoCore.a(CDC.o)
                0x00000f0e                _Z9CDC_SetupR8USBSetup
 .text.startup._GLOBAL__sub_I__cdcInterface
                0x00000ffe       0x2a C:\Users\Vikas G\Documents\Atmel Studio\7.0\testblink\testblink\ArduinoCore\Debug\libArduinoCore.a(CDC.o)
 .text.__empty  0x00001028        0x2 C:\Users\Vikas G\Documents\Atmel Studio\7.0\testblink\testblink\ArduinoCore\Debug\libArduinoCore.a(hooks.o)
                0x00001028                yield
 .text._ZN13PluggableUSB_12getInterfaceEPh
                0x0000102a       0x52 C:\Users\Vikas G\Documents\Atmel Studio\7.0\testblink\testblink\ArduinoCore\Debug\libArduinoCore.a(PluggableUSB.o)
                0x0000102a                _ZN13PluggableUSB_12getInterfaceEPh
 .text._ZN13PluggableUSB_13getDescriptorER8USBSetup
                0x0000107c       0x3e C:\Users\Vikas G\Documents\Atmel Studio\7.0\testblink\testblink\ArduinoCore\Debug\libArduinoCore.a(PluggableUSB.o)
                0x0000107c                _ZN13PluggableUSB_13getDescriptorER8USBSetup
 .text._ZN13PluggableUSB_12getShortNameEPc
                0x000010ba       0x3e C:\Users\Vikas G\Documents\Atmel Studio\7.0\testblink\testblink\ArduinoCore\Debug\libArduinoCore.a(PluggableUSB.o)
                0x000010ba                _ZN13PluggableUSB_12getShortNameEPc
 .text._ZN13PluggableUSB_5setupER8USBSetup
                0x000010f8       0x3c C:\Users\Vikas G\Documents\Atmel Studio\7.0\testblink\testblink\ArduinoCore\Debug\libArduinoCore.a(PluggableUSB.o)
                0x000010f8                _ZN13PluggableUSB_5setupER8USBSetup
 .text._Z12PluggableUSBv
                0x00001134       0x28 C:\Users\Vikas G\Documents\Atmel Studio\7.0\testblink\testblink\ArduinoCore\Debug\libArduinoCore.a(PluggableUSB.o)
                0x00001134                _Z12PluggableUSBv
 .text.libgcc   0x0000115c        0xc c:/program files (x86)/atmel/studio/7.0/toolchain/avr8/avr8-gnu-toolchain/bin/../lib/gcc/avr/4.9.2/avr5\libgcc.a(_tablejump2.o)
                0x0000115c                __tablejump2__
                0x00001168                . = ALIGN (0x2)
 *(.fini9)
 .fini9         0x00001168        0x0 c:/program files (x86)/atmel/studio/7.0/toolchain/avr8/avr8-gnu-toolchain/bin/../lib/gcc/avr/4.9.2/avr5\libgcc.a(_exit.o)
                0x00001168                _exit
                0x00001168                exit
 *(.fini9)
 *(.fini8)
 *(.fini8)
 *(.fini7)
 *(.fini7)
 *(.fini6)
 *(.fini6)
 *(.fini5)
 *(.fini5)
 *(.fini4)
 *(.fini4)
 *(.fini3)
 *(.fini3)
 *(.fini2)
 *(.fini2)
 *(.fini1)
 *(.fini1)
 *(.fini0)
 .fini0         0x00001168        0x4 c:/program files (x86)/atmel/studio/7.0/toolchain/avr8/avr8-gnu-toolchain/bin/../lib/gcc/avr/4.9.2/avr5\libgcc.a(_exit.o)
 *(.fini0)
                0x0000116c                _etext = .

.data           0x00800100       0x24 load address 0x0000116c
                0x00800100                PROVIDE (__data_start, .)
 *(.data)
 *(.data*)
 .data._initEndpoints
                0x00800100        0x7 C:\Users\Vikas G\Documents\Atmel Studio\7.0\testblink\testblink\ArduinoCore\Debug\libArduinoCore.a(USBCore.o)
                0x00800100                _initEndpoints
 .data._ZL10breakValue
                0x00800107        0x4 C:\Users\Vikas G\Documents\Atmel Studio\7.0\testblink\testblink\ArduinoCore\Debug\libArduinoCore.a(CDC.o)
 .data._ZL12_usbLineInfo
                0x0080010b        0x8 C:\Users\Vikas G\Documents\Atmel Studio\7.0\testblink\testblink\ArduinoCore\Debug\libArduinoCore.a(CDC.o)
 *(.rodata)
 *(.rodata*)
 .rodata._ZTV7Serial_
                0x00800113       0x10 C:\Users\Vikas G\Documents\Atmel Studio\7.0\testblink\testblink\ArduinoCore\Debug\libArduinoCore.a(CDC.o)
                0x00800113                _ZTV7Serial_
 *(.gnu.linkonce.d*)
                0x00800124                . = ALIGN (0x2)
 *fill*         0x00800123        0x1 
                0x00800124                _edata = .
                0x00800124                PROVIDE (__data_end, .)

.bss            0x00800124       0x70
                0x00800124                PROVIDE (__bss_start, .)
 *(.bss)
 *(.bss*)
 .bss.USBDevice
                0x00800124        0x1 C:\Users\Vikas G\Documents\Atmel Studio\7.0\testblink\testblink\ArduinoCore\Debug\libArduinoCore.a(USBCore.o)
                0x00800124                USBDevice
 .bss._ZL13_cdcComposite
                0x00800125        0x1 C:\Users\Vikas G\Documents\Atmel Studio\7.0\testblink\testblink\ArduinoCore\Debug\libArduinoCore.a(USBCore.o)
 .bss._ZL5_cend
                0x00800126        0x2 C:\Users\Vikas G\Documents\Atmel Studio\7.0\testblink\testblink\ArduinoCore\Debug\libArduinoCore.a(USBCore.o)
 .bss._ZL6_cmark
                0x00800128        0x2 C:\Users\Vikas G\Documents\Atmel Studio\7.0\testblink\testblink\ArduinoCore\Debug\libArduinoCore.a(USBCore.o)
 .bss._usbSuspendState
                0x0080012a        0x1 C:\Users\Vikas G\Documents\Atmel Studio\7.0\testblink\testblink\ArduinoCore\Debug\libArduinoCore.a(USBCore.o)
                0x0080012a                _usbSuspendState
 .bss._usbCurrentStatus
                0x0080012b        0x1 C:\Users\Vikas G\Documents\Atmel Studio\7.0\testblink\testblink\ArduinoCore\Debug\libArduinoCore.a(USBCore.o)
                0x0080012b                _usbCurrentStatus
 .bss._usbConfiguration
                0x0080012c        0x1 C:\Users\Vikas G\Documents\Atmel Studio\7.0\testblink\testblink\ArduinoCore\Debug\libArduinoCore.a(USBCore.o)
                0x0080012c                _usbConfiguration
 .bss.RxLEDPulse
                0x0080012d        0x1 C:\Users\Vikas G\Documents\Atmel Studio\7.0\testblink\testblink\ArduinoCore\Debug\libArduinoCore.a(USBCore.o)
                0x0080012d                RxLEDPulse
 .bss.TxLEDPulse
                0x0080012e        0x1 C:\Users\Vikas G\Documents\Atmel Studio\7.0\testblink\testblink\ArduinoCore\Debug\libArduinoCore.a(USBCore.o)
                0x0080012e                TxLEDPulse
 .bss.timer0_fract
                0x0080012f        0x1 C:\Users\Vikas G\Documents\Atmel Studio\7.0\testblink\testblink\ArduinoCore\Debug\libArduinoCore.a(wiring.o)
 .bss.timer0_millis
                0x00800130        0x4 C:\Users\Vikas G\Documents\Atmel Studio\7.0\testblink\testblink\ArduinoCore\Debug\libArduinoCore.a(wiring.o)
                0x00800130                timer0_millis
 .bss.timer0_overflow_count
                0x00800134        0x4 C:\Users\Vikas G\Documents\Atmel Studio\7.0\testblink\testblink\ArduinoCore\Debug\libArduinoCore.a(wiring.o)
                0x00800134                timer0_overflow_count
 .bss.Serial    0x00800138       0x50 C:\Users\Vikas G\Documents\Atmel Studio\7.0\testblink\testblink\ArduinoCore\Debug\libArduinoCore.a(CDC.o)
                0x00800138                Serial
 .bss._ZZ12PluggableUSBvE3obj
                0x00800188        0x4 C:\Users\Vikas G\Documents\Atmel Studio\7.0\testblink\testblink\ArduinoCore\Debug\libArduinoCore.a(PluggableUSB.o)
 .bss._ZGVZ12PluggableUSBvE3obj
                0x0080018c        0x8 C:\Users\Vikas G\Documents\Atmel Studio\7.0\testblink\testblink\ArduinoCore\Debug\libArduinoCore.a(PluggableUSB.o)
 *(COMMON)
                0x00800194                PROVIDE (__bss_end, .)
                0x0000116c                __data_load_start = LOADADDR (.data)
                0x00001190                __data_load_end = (__data_load_start + SIZEOF (.data))

.noinit         0x00800194        0x0
                0x00800194                PROVIDE (__noinit_start, .)
 *(.noinit*)
                0x00800194                PROVIDE (__noinit_end, .)
                0x00800194                _end = .
                0x00800194                PROVIDE (__heap_start, .)

.eeprom         0x00810000        0x0
 *(.eeprom*)
                0x00810000                __eeprom_end = .

.fuse
 *(.fuse)
 *(.lfuse)
 *(.hfuse)
 *(.efuse)

.lock
 *(.lock*)

.signature
 *(.signature*)

.user_signatures
 *(.user_signatures*)

.stab
 *(.stab)

.stabstr
 *(.stabstr)

.stab.excl
 *(.stab.excl)

.stab.exclstr
 *(.stab.exclstr)

.stab.index
 *(.stab.index)

.stab.indexstr
 *(.stab.indexstr)

.comment        0x00000000       0x30
 *(.comment)
 .comment       0x00000000       0x30 Sketch.o
                                 0x31 (size before relaxing)
 .comment       0x00000030       0x31 C:\Users\Vikas G\Documents\Atmel Studio\7.0\testblink\testblink\ArduinoCore\Debug\libArduinoCore.a(main.o)
 .comment       0x00000030       0x31 C:\Users\Vikas G\Documents\Atmel Studio\7.0\testblink\testblink\ArduinoCore\Debug\libArduinoCore.a(USBCore.o)
 .comment       0x00000030       0x31 C:\Users\Vikas G\Documents\Atmel Studio\7.0\testblink\testblink\ArduinoCore\Debug\libArduinoCore.a(wiring.o)
 .comment       0x00000030       0x31 C:\Users\Vikas G\Documents\Atmel Studio\7.0\testblink\testblink\ArduinoCore\Debug\libArduinoCore.a(wiring_digital.o)
 .comment       0x00000030       0x31 C:\Users\Vikas G\Documents\Atmel Studio\7.0\testblink\testblink\ArduinoCore\Debug\libArduinoCore.a(CDC.o)
 .comment       0x00000030       0x31 C:\Users\Vikas G\Documents\Atmel Studio\7.0\testblink\testblink\ArduinoCore\Debug\libArduinoCore.a(hooks.o)
 .comment       0x00000030       0x31 C:\Users\Vikas G\Documents\Atmel Studio\7.0\testblink\testblink\ArduinoCore\Debug\libArduinoCore.a(PluggableUSB.o)

.note.gnu.avr.deviceinfo
                0x00000000       0x40
 .note.gnu.avr.deviceinfo
                0x00000000       0x40 C:/Program Files (x86)/Atmel/Studio/7.0/Packs/atmel/ATmega_DFP/1.0.98/gcc/dev/atmega32u4/avr5/crtatmega32u4.o

.note.gnu.build-id
 *(.note.gnu.build-id)

.debug
 *(.debug)

.line
 *(.line)

.debug_srcinfo
 *(.debug_srcinfo)

.debug_sfnames
 *(.debug_sfnames)

.debug_aranges  0x00000000      0x2f0
 *(.debug_aranges)
 .debug_aranges
                0x00000000       0x28 Sketch.o
 .debug_aranges
                0x00000028       0x38 C:\Users\Vikas G\Documents\Atmel Studio\7.0\testblink\testblink\ArduinoCore\Debug\libArduinoCore.a(main.o)
 .debug_aranges
                0x00000060       0xe0 C:\Users\Vikas G\Documents\Atmel Studio\7.0\testblink\testblink\ArduinoCore\Debug\libArduinoCore.a(USBCore.o)
 .debug_aranges
                0x00000140       0x48 C:\Users\Vikas G\Documents\Atmel Studio\7.0\testblink\testblink\ArduinoCore\Debug\libArduinoCore.a(wiring.o)
 .debug_aranges
                0x00000188       0x38 C:\Users\Vikas G\Documents\Atmel Studio\7.0\testblink\testblink\ArduinoCore\Debug\libArduinoCore.a(wiring_digital.o)
 .debug_aranges
                0x000001c0       0xc0 C:\Users\Vikas G\Documents\Atmel Studio\7.0\testblink\testblink\ArduinoCore\Debug\libArduinoCore.a(CDC.o)
 .debug_aranges
                0x00000280       0x20 C:\Users\Vikas G\Documents\Atmel Studio\7.0\testblink\testblink\ArduinoCore\Debug\libArduinoCore.a(hooks.o)
 .debug_aranges
                0x000002a0       0x50 C:\Users\Vikas G\Documents\Atmel Studio\7.0\testblink\testblink\ArduinoCore\Debug\libArduinoCore.a(PluggableUSB.o)

.debug_pubnames
 *(.debug_pubnames)

.debug_info     0x00000000     0x575a
 *(.debug_info .gnu.linkonce.wi.*)
 .debug_info    0x00000000      0x276 Sketch.o
 .debug_info    0x00000276      0x324 C:\Users\Vikas G\Documents\Atmel Studio\7.0\testblink\testblink\ArduinoCore\Debug\libArduinoCore.a(main.o)
 .debug_info    0x0000059a     0x1a74 C:\Users\Vikas G\Documents\Atmel Studio\7.0\testblink\testblink\ArduinoCore\Debug\libArduinoCore.a(USBCore.o)
 .debug_info    0x0000200e      0x2f6 C:\Users\Vikas G\Documents\Atmel Studio\7.0\testblink\testblink\ArduinoCore\Debug\libArduinoCore.a(wiring.o)
 .debug_info    0x00002304      0x62d C:\Users\Vikas G\Documents\Atmel Studio\7.0\testblink\testblink\ArduinoCore\Debug\libArduinoCore.a(wiring_digital.o)
 .debug_info    0x00002931     0x2636 C:\Users\Vikas G\Documents\Atmel Studio\7.0\testblink\testblink\ArduinoCore\Debug\libArduinoCore.a(CDC.o)
 .debug_info    0x00004f67       0x3e C:\Users\Vikas G\Documents\Atmel Studio\7.0\testblink\testblink\ArduinoCore\Debug\libArduinoCore.a(hooks.o)
 .debug_info    0x00004fa5      0x7b5 C:\Users\Vikas G\Documents\Atmel Studio\7.0\testblink\testblink\ArduinoCore\Debug\libArduinoCore.a(PluggableUSB.o)

.debug_abbrev   0x00000000     0x13df
 *(.debug_abbrev)
 .debug_abbrev  0x00000000       0xdc Sketch.o
 .debug_abbrev  0x000000dc      0x182 C:\Users\Vikas G\Documents\Atmel Studio\7.0\testblink\testblink\ArduinoCore\Debug\libArduinoCore.a(main.o)
 .debug_abbrev  0x0000025e      0x628 C:\Users\Vikas G\Documents\Atmel Studio\7.0\testblink\testblink\ArduinoCore\Debug\libArduinoCore.a(USBCore.o)
 .debug_abbrev  0x00000886      0x145 C:\Users\Vikas G\Documents\Atmel Studio\7.0\testblink\testblink\ArduinoCore\Debug\libArduinoCore.a(wiring.o)
 .debug_abbrev  0x000009cb      0x15a C:\Users\Vikas G\Documents\Atmel Studio\7.0\testblink\testblink\ArduinoCore\Debug\libArduinoCore.a(wiring_digital.o)
 .debug_abbrev  0x00000b25      0x5d7 C:\Users\Vikas G\Documents\Atmel Studio\7.0\testblink\testblink\ArduinoCore\Debug\libArduinoCore.a(CDC.o)
 .debug_abbrev  0x000010fc       0x2a C:\Users\Vikas G\Documents\Atmel Studio\7.0\testblink\testblink\ArduinoCore\Debug\libArduinoCore.a(hooks.o)
 .debug_abbrev  0x00001126      0x2b9 C:\Users\Vikas G\Documents\Atmel Studio\7.0\testblink\testblink\ArduinoCore\Debug\libArduinoCore.a(PluggableUSB.o)

.debug_line     0x00000000     0x110b
 *(.debug_line .debug_line.* .debug_line_end)
 .debug_line    0x00000000      0x12a Sketch.o
 .debug_line    0x0000012a      0x156 C:\Users\Vikas G\Documents\Atmel Studio\7.0\testblink\testblink\ArduinoCore\Debug\libArduinoCore.a(main.o)
 .debug_line    0x00000280      0x517 C:\Users\Vikas G\Documents\Atmel Studio\7.0\testblink\testblink\ArduinoCore\Debug\libArduinoCore.a(USBCore.o)
 .debug_line    0x00000797      0x199 C:\Users\Vikas G\Documents\Atmel Studio\7.0\testblink\testblink\ArduinoCore\Debug\libArduinoCore.a(wiring.o)
 .debug_line    0x00000930      0x152 C:\Users\Vikas G\Documents\Atmel Studio\7.0\testblink\testblink\ArduinoCore\Debug\libArduinoCore.a(wiring_digital.o)
 .debug_line    0x00000a82      0x460 C:\Users\Vikas G\Documents\Atmel Studio\7.0\testblink\testblink\ArduinoCore\Debug\libArduinoCore.a(CDC.o)
 .debug_line    0x00000ee2       0x40 C:\Users\Vikas G\Documents\Atmel Studio\7.0\testblink\testblink\ArduinoCore\Debug\libArduinoCore.a(hooks.o)
 .debug_line    0x00000f22      0x1e9 C:\Users\Vikas G\Documents\Atmel Studio\7.0\testblink\testblink\ArduinoCore\Debug\libArduinoCore.a(PluggableUSB.o)

.debug_frame    0x00000000      0x820
 *(.debug_frame)
 .debug_frame   0x00000000       0x34 Sketch.o
 .debug_frame   0x00000034       0x54 C:\Users\Vikas G\Documents\Atmel Studio\7.0\testblink\testblink\ArduinoCore\Debug\libArduinoCore.a(main.o)
 .debug_frame   0x00000088      0x3a0 C:\Users\Vikas G\Documents\Atmel Studio\7.0\testblink\testblink\ArduinoCore\Debug\libArduinoCore.a(USBCore.o)
 .debug_frame   0x00000428       0xc4 C:\Users\Vikas G\Documents\Atmel Studio\7.0\testblink\testblink\ArduinoCore\Debug\libArduinoCore.a(wiring.o)
 .debug_frame   0x000004ec       0x7c C:\Users\Vikas G\Documents\Atmel Studio\7.0\testblink\testblink\ArduinoCore\Debug\libArduinoCore.a(wiring_digital.o)
 .debug_frame   0x00000568      0x1a8 C:\Users\Vikas G\Documents\Atmel Studio\7.0\testblink\testblink\ArduinoCore\Debug\libArduinoCore.a(CDC.o)
 .debug_frame   0x00000710       0x24 C:\Users\Vikas G\Documents\Atmel Studio\7.0\testblink\testblink\ArduinoCore\Debug\libArduinoCore.a(hooks.o)
 .debug_frame   0x00000734       0xec C:\Users\Vikas G\Documents\Atmel Studio\7.0\testblink\testblink\ArduinoCore\Debug\libArduinoCore.a(PluggableUSB.o)

.debug_str      0x00000000     0x1f8e
 *(.debug_str)
 .debug_str     0x00000000      0x20c Sketch.o
                                0x24a (size before relaxing)
 .debug_str     0x0000020c      0x180 C:\Users\Vikas G\Documents\Atmel Studio\7.0\testblink\testblink\ArduinoCore\Debug\libArduinoCore.a(main.o)
                                0x353 (size before relaxing)
 .debug_str     0x0000038c      0x862 C:\Users\Vikas G\Documents\Atmel Studio\7.0\testblink\testblink\ArduinoCore\Debug\libArduinoCore.a(USBCore.o)
                                0xbcc (size before relaxing)
 .debug_str     0x00000bee      0x14f C:\Users\Vikas G\Documents\Atmel Studio\7.0\testblink\testblink\ArduinoCore\Debug\libArduinoCore.a(wiring.o)
                                0x23a (size before relaxing)
 .debug_str     0x00000d3d       0xe1 C:\Users\Vikas G\Documents\Atmel Studio\7.0\testblink\testblink\ArduinoCore\Debug\libArduinoCore.a(wiring_digital.o)
                                0x2b9 (size before relaxing)
 .debug_str     0x00000e1e     0x1108 C:\Users\Vikas G\Documents\Atmel Studio\7.0\testblink\testblink\ArduinoCore\Debug\libArduinoCore.a(CDC.o)
                               0x1626 (size before relaxing)
 .debug_str     0x00001f26       0x1c C:\Users\Vikas G\Documents\Atmel Studio\7.0\testblink\testblink\ArduinoCore\Debug\libArduinoCore.a(hooks.o)
                                0x12f (size before relaxing)
 .debug_str     0x00001f42       0x4c C:\Users\Vikas G\Documents\Atmel Studio\7.0\testblink\testblink\ArduinoCore\Debug\libArduinoCore.a(PluggableUSB.o)
                                0x555 (size before relaxing)

.debug_loc      0x00000000     0x255b
 *(.debug_loc)
 .debug_loc     0x00000000     0x1186 C:\Users\Vikas G\Documents\Atmel Studio\7.0\testblink\testblink\ArduinoCore\Debug\libArduinoCore.a(USBCore.o)
 .debug_loc     0x00001186      0x269 C:\Users\Vikas G\Documents\Atmel Studio\7.0\testblink\testblink\ArduinoCore\Debug\libArduinoCore.a(wiring.o)
 .debug_loc     0x000013ef      0x64c C:\Users\Vikas G\Documents\Atmel Studio\7.0\testblink\testblink\ArduinoCore\Debug\libArduinoCore.a(wiring_digital.o)
 .debug_loc     0x00001a3b      0x6e6 C:\Users\Vikas G\Documents\Atmel Studio\7.0\testblink\testblink\ArduinoCore\Debug\libArduinoCore.a(CDC.o)
 .debug_loc     0x00002121      0x43a C:\Users\Vikas G\Documents\Atmel Studio\7.0\testblink\testblink\ArduinoCore\Debug\libArduinoCore.a(PluggableUSB.o)

.debug_macinfo
 *(.debug_macinfo)

.debug_weaknames
 *(.debug_weaknames)

.debug_funcnames
 *(.debug_funcnames)

.debug_typenames
 *(.debug_typenames)

.debug_varnames
 *(.debug_varnames)

.debug_pubtypes
 *(.debug_pubtypes)

.debug_ranges   0x00000000      0x360
 *(.debug_ranges)
 .debug_ranges  0x00000000       0x18 Sketch.o
 .debug_ranges  0x00000018       0x28 C:\Users\Vikas G\Documents\Atmel Studio\7.0\testblink\testblink\ArduinoCore\Debug\libArduinoCore.a(main.o)
 .debug_ranges  0x00000040      0x190 C:\Users\Vikas G\Documents\Atmel Studio\7.0\testblink\testblink\ArduinoCore\Debug\libArduinoCore.a(USBCore.o)
 .debug_ranges  0x000001d0       0x38 C:\Users\Vikas G\Documents\Atmel Studio\7.0\testblink\testblink\ArduinoCore\Debug\libArduinoCore.a(wiring.o)
 .debug_ranges  0x00000208       0x28 C:\Users\Vikas G\Documents\Atmel Studio\7.0\testblink\testblink\ArduinoCore\Debug\libArduinoCore.a(wiring_digital.o)
 .debug_ranges  0x00000230       0xb0 C:\Users\Vikas G\Documents\Atmel Studio\7.0\testblink\testblink\ArduinoCore\Debug\libArduinoCore.a(CDC.o)
 .debug_ranges  0x000002e0       0x10 C:\Users\Vikas G\Documents\Atmel Studio\7.0\testblink\testblink\ArduinoCore\Debug\libArduinoCore.a(hooks.o)
 .debug_ranges  0x000002f0       0x70 C:\Users\Vikas G\Documents\Atmel Studio\7.0\testblink\testblink\ArduinoCore\Debug\libArduinoCore.a(PluggableUSB.o)

.debug_macro
 *(.debug_macro)
OUTPUT(Blink.elf elf32-avr)
LOAD linker stubs
