Archive member included to satisfy reference by file (symbol)

C:\Users\Vikas G\Documents\Atmel Studio\7.0\testblink\testblink\ArduinoCore\Debug\libArduinoCore.a(CDC.o)
                              main_Module.o (_ZN7Serial_5beginEm)
C:\Users\Vikas G\Documents\Atmel Studio\7.0\testblink\testblink\ArduinoCore\Debug\libArduinoCore.a(HardwareSerial.o)
                              HBT.o (_ZN14HardwareSerial9availableEv)
C:\Users\Vikas G\Documents\Atmel Studio\7.0\testblink\testblink\ArduinoCore\Debug\libArduinoCore.a(HardwareSerial1.o)
                              HBT.o (Serial1)
C:\Users\Vikas G\Documents\Atmel Studio\7.0\testblink\testblink\ArduinoCore\Debug\libArduinoCore.a(main.o)
                              C:/Program Files (x86)/Atmel/Studio/7.0/Packs/atmel/ATmega_DFP/1.0.98/gcc/dev/atmega32u4/avr5/crtatmega32u4.o (main)
C:\Users\Vikas G\Documents\Atmel Studio\7.0\testblink\testblink\ArduinoCore\Debug\libArduinoCore.a(Print.o)
                              C:\Users\Vikas G\Documents\Atmel Studio\7.0\testblink\testblink\ArduinoCore\Debug\libArduinoCore.a(HardwareSerial.o) (_ZN5Print5writeEPKhj)
C:\Users\Vikas G\Documents\Atmel Studio\7.0\testblink\testblink\ArduinoCore\Debug\libArduinoCore.a(Stream.o)
                              HBT.o (_ZN6Stream8parseIntE13LookaheadModec)
C:\Users\Vikas G\Documents\Atmel Studio\7.0\testblink\testblink\ArduinoCore\Debug\libArduinoCore.a(USBCore.o)
                              C:\Users\Vikas G\Documents\Atmel Studio\7.0\testblink\testblink\ArduinoCore\Debug\libArduinoCore.a(CDC.o) (_Z13USB_Availableh)
C:\Users\Vikas G\Documents\Atmel Studio\7.0\testblink\testblink\ArduinoCore\Debug\libArduinoCore.a(wiring.o)
                              src/libraries/RTClib/RTClib.o (millis)
C:\Users\Vikas G\Documents\Atmel Studio\7.0\testblink\testblink\ArduinoCore\Debug\libArduinoCore.a(wiring_digital.o)
                              QTouch.o (pinMode)
C:\Users\Vikas G\Documents\Atmel Studio\7.0\testblink\testblink\ArduinoCore\Debug\libArduinoCore.a(WString.o)
                              C:\Users\Vikas G\Documents\Atmel Studio\7.0\testblink\testblink\ArduinoCore\Debug\libArduinoCore.a(Stream.o) (_ZN6StringC1EPKc)
C:\Users\Vikas G\Documents\Atmel Studio\7.0\testblink\testblink\ArduinoCore\Debug\libArduinoCore.a(abi.o)
                              C:\Users\Vikas G\Documents\Atmel Studio\7.0\testblink\testblink\ArduinoCore\Debug\libArduinoCore.a(Print.o) (__cxa_pure_virtual)
C:\Users\Vikas G\Documents\Atmel Studio\7.0\testblink\testblink\ArduinoCore\Debug\libArduinoCore.a(hooks.o)
                              C:\Users\Vikas G\Documents\Atmel Studio\7.0\testblink\testblink\ArduinoCore\Debug\libArduinoCore.a(wiring.o) (yield)
C:\Users\Vikas G\Documents\Atmel Studio\7.0\testblink\testblink\ArduinoCore\Debug\libArduinoCore.a(PluggableUSB.o)
                              C:\Users\Vikas G\Documents\Atmel Studio\7.0\testblink\testblink\ArduinoCore\Debug\libArduinoCore.a(USBCore.o) (_ZN13PluggableUSB_12getInterfaceEPh)
c:/program files (x86)/atmel/studio/7.0/toolchain/avr8/avr8-gnu-toolchain/bin/../lib/gcc/avr/4.9.2/../../../../avr/lib/avr5\libm.a(addsf3.o)
                              C:\Users\Vikas G\Documents\Atmel Studio\7.0\testblink\testblink\ArduinoCore\Debug\libArduinoCore.a(Print.o) (__subsf3)
c:/program files (x86)/atmel/studio/7.0/toolchain/avr8/avr8-gnu-toolchain/bin/../lib/gcc/avr/4.9.2/../../../../avr/lib/avr5\libm.a(addsf3x.o)
                              c:/program files (x86)/atmel/studio/7.0/toolchain/avr8/avr8-gnu-toolchain/bin/../lib/gcc/avr/4.9.2/../../../../avr/lib/avr5\libm.a(addsf3.o) (__addsf3x)
c:/program files (x86)/atmel/studio/7.0/toolchain/avr8/avr8-gnu-toolchain/bin/../lib/gcc/avr/4.9.2/../../../../avr/lib/avr5\libm.a(cmpsf2.o)
                              C:\Users\Vikas G\Documents\Atmel Studio\7.0\testblink\testblink\ArduinoCore\Debug\libArduinoCore.a(Print.o) (__ltsf2)
c:/program files (x86)/atmel/studio/7.0/toolchain/avr8/avr8-gnu-toolchain/bin/../lib/gcc/avr/4.9.2/../../../../avr/lib/avr5\libm.a(divsf3.o)
                              C:\Users\Vikas G\Documents\Atmel Studio\7.0\testblink\testblink\ArduinoCore\Debug\libArduinoCore.a(Print.o) (__divsf3)
c:/program files (x86)/atmel/studio/7.0/toolchain/avr8/avr8-gnu-toolchain/bin/../lib/gcc/avr/4.9.2/../../../../avr/lib/avr5\libm.a(divsf3x.o)
                              c:/program files (x86)/atmel/studio/7.0/toolchain/avr8/avr8-gnu-toolchain/bin/../lib/gcc/avr/4.9.2/../../../../avr/lib/avr5\libm.a(divsf3.o) (__divsf3x)
c:/program files (x86)/atmel/studio/7.0/toolchain/avr8/avr8-gnu-toolchain/bin/../lib/gcc/avr/4.9.2/../../../../avr/lib/avr5\libm.a(fixsfsi.o)
                              C:\Users\Vikas G\Documents\Atmel Studio\7.0\testblink\testblink\ArduinoCore\Debug\libArduinoCore.a(Print.o) (__fixsfsi)
c:/program files (x86)/atmel/studio/7.0/toolchain/avr8/avr8-gnu-toolchain/bin/../lib/gcc/avr/4.9.2/../../../../avr/lib/avr5\libm.a(fixunssfsi.o)
[...]
Memory Configuration

Name             Origin             Length             Attributes
text             0x00000000         0x00020000         xr
data             0x00800060         0x0000ffa0         rw !x
eeprom           0x00810000         0x00010000         rw !x
fuse             0x00820000         0x00000400         rw !x
lock             0x00830000         0x00000400         rw !x
signature        0x00840000         0x00000400         rw !x
user_signatures  0x00850000         0x00000400         rw !x
*default*        0x00000000         0xffffffff

Linker script and memory map

Address of section .data set to 0x800100
LOAD C:/Program Files (x86)/Atmel/Studio/7.0/Packs/atmel/ATmega_DFP/1.0.98/gcc/dev/atmega32u4/avr5/crtatmega32u4.o
LOAD BLE.o
LOAD QTouch.o
LOAD main_Module.o
LOAD src/libraries/RTClib/RTClib.o
LOAD src/libraries/Wire/src/utility/twi.o
LOAD src/libraries/Wire/src/Wire.o
LOAD HBT.o
START GROUP
LOAD c:/program files (x86)/atmel/studio/7.0/toolchain/avr8/avr8-gnu-toolchain/bin/../lib/gcc/avr/4.9.2/../../../../avr/lib/avr5\libm.a
LOAD C:\Users\Vikas G\Documents\Atmel Studio\7.0\testblink\testblink\ArduinoCore\Debug\libArduinoCore.a
END GROUP
LOAD c:/program files (x86)/atmel/studio/7.0/toolchain/avr8/avr8-gnu-toolchain/bin/../lib/gcc/avr/4.9.2/avr5\libgcc.a
LOAD c:/program files (x86)/atmel/studio/7.0/toolchain/avr8/avr8-gnu-toolchain/bin/../lib/gcc/avr/4.9.2/../../../../avr/lib/avr5\libm.a
START GROUP
LOAD c:/program files (x86)/atmel/studio/7.0/toolchain/avr8/avr8-gnu-toolchain/bin/../lib/gcc/avr/4.9.2/avr5\libgcc.a
LOAD c:/program files (x86)/atmel/studio/7.0/toolchain/avr8/avr8-gnu-toolchain/bin/../lib/gcc/avr/4.9.2/../../../../avr/lib/avr5\libm.a
LOAD c:/program files (x86)/atmel/studio/7.0/toolchain/avr8/avr8-gnu-toolchain/bin/../lib/gcc/avr/4.9.2/../../../../avr/lib/avr5\libc.a
LOAD C:/Program Files (x86)/Atmel/Studio/7.0/Packs/atmel/ATmega_DFP/1.0.98/gcc/dev/atmega32u4/avr5\libatmega32u4.a
END GROUP

.hash
 *(.hash)

.dynsym
 *(.dynsym)

.dynstr
 *(.dynstr)

.gnu.version
 *(.gnu.version)

.gnu.version_d
 *(.gnu.version_d)

.gnu.version_r
 *(.gnu.version_r)

.rel.init
 *(.rel.init)

.rela.init
 *(.rela.init)

.rel.text
 *(.rel.text)
 *(.rel.text.*)
 *(.rel.gnu.linkonce.t*)

.rela.text
 *(.rela.text)
 *(.rela.text.*)
 *(.rela.gnu.linkonce.t*)

.rel.fini
 *(.rel.fini)

.rela.fini
 *(.rela.fini)

.rel.rodata
 *(.rel.rodata)
 *(.rel.rodata.*)
 *(.rel.gnu.linkonce.r*)

.rela.rodata
 *(.rela.rodata)
 *(.rela.rodata.*)
 *(.rela.gnu.linkonce.r*)

.rel.data
 *(.rel.data)
 *(.rel.data.*)
 *(.rel.gnu.linkonce.d*)

.rela.data
 *(.rela.data)
 *(.rela.data.*)
 *(.rela.gnu.linkonce.d*)

.rel.ctors
 *(.rel.ctors)

.rela.ctors
 *(.rela.ctors)

.rel.dtors
 *(.rel.dtors)

.rela.dtors
 *(.rela.dtors)

.rel.got
 *(.rel.got)

.rela.got
 *(.rela.got)

.rel.bss
 *(.rel.bss)

.rela.bss
 *(.rela.bss)

.rel.plt
 *(.rel.plt)

.rela.plt
 *(.rela.plt)

.text           0x00000000     0x3510
 *(.vectors)
 .vectors       0x00000000       0xac C:/Program Files (x86)/Atmel/Studio/7.0/Packs/atmel/ATmega_DFP/1.0.98/gcc/dev/atmega32u4/avr5/crtatmega32u4.o
                0x00000000                __vector_default
                0x00000000                __vectors
 *(.vectors)
 *(.progmem.gcc*)
 .progmem.gcc_sw_table._ZN6QTouch11cap_setLoadEh
                0x000000ac       0xa0 QTouch.o
 .progmem.gcc_sw_table._ZN8DateTimeC2EPK19__FlashStringHelperS2_
                0x0000014c       0x26 src/libraries/RTClib/RTClib.o
 .progmem.gcc_sw_table.turnOffPWM
                0x00000172       0x1e C:\Users\Vikas G\Documents\Atmel Studio\7.0\testblink\testblink\ArduinoCore\Debug\libArduinoCore.a(wiring_digital.o)
                0x00000190                . = ALIGN (0x2)
                0x00000190                __trampolines_start = .
 *(.trampolines)
 .trampolines   0x00000190        0x0 linker stubs
 *(.trampolines*)
                0x00000190                __trampolines_end = .
 *(.progmem*)
 .progmem.data._ZZ5setupE3__c
                0x00000190        0xc main_Module.o
 .progmem.data._ZZ5setupE3__c_0
                0x0000019c        0x9 main_Module.o
 .progmem.data._ZL11daysInMonth
                0x000001a5        0xc src/libraries/RTClib/RTClib.o
 .progmem.data._cdcInterface
                0x000001b1       0x42 C:\Users\Vikas G\Documents\Atmel Studio\7.0\testblink\testblink\ArduinoCore\Debug\libArduinoCore.a(CDC.o)
                0x000001b1                _cdcInterface
 .progmem.data.USB_DeviceDescriptorB
                0x000001f3       0x12 C:\Users\Vikas G\Documents\Atmel Studio\7.0\testblink\testblink\ArduinoCore\Debug\libArduinoCore.a(USBCore.o)
                0x000001f3                USB_DeviceDescriptorB
 .progmem.data.USB_DeviceDescriptor
                0x00000205       0x12 C:\Users\Vikas G\Documents\Atmel Studio\7.0\testblink\testblink\ArduinoCore\Debug\libArduinoCore.a(USBCore.o)
                0x00000205                USB_DeviceDescriptor
 .progmem.data.STRING_MANUFACTURER
                0x00000217        0xc C:\Users\Vikas G\Documents\Atmel Studio\7.0\testblink\testblink\ArduinoCore\Debug\libArduinoCore.a(USBCore.o)
                0x00000217                STRING_MANUFACTURER
 .progmem.data.STRING_PRODUCT
                0x00000223       0x11 C:\Users\Vikas G\Documents\Atmel Studio\7.0\testblink\testblink\ArduinoCore\Debug\libArduinoCore.a(USBCore.o)
                0x00000223                STRING_PRODUCT
 .progmem.data.STRING_LANGUAGE
                0x00000234        0x4 C:\Users\Vikas G\Documents\Atmel Studio\7.0\testblink\testblink\ArduinoCore\Debug\libArduinoCore.a(USBCore.o)
                0x00000234                STRING_LANGUAGE
 .progmem.data.digital_pin_to_timer_PGM
                0x00000238       0x1f C:\Users\Vikas G\Documents\Atmel Studio\7.0\testblink\testblink\ArduinoCore\Debug\libArduinoCore.a(wiring_digital.o)
                0x00000238                digital_pin_to_timer_PGM
 .progmem.data.digital_pin_to_bit_mask_PGM
                0x00000257       0x1f C:\Users\Vikas G\Documents\Atmel Studio\7.0\testblink\testblink\ArduinoCore\Debug\libArduinoCore.a(wiring_digital.o)
                0x00000257                digital_pin_to_bit_mask_PGM
 .progmem.data.digital_pin_to_port_PGM
                0x00000276       0x1f C:\Users\Vikas G\Documents\Atmel Studio\7.0\testblink\testblink\ArduinoCore\Debug\libArduinoCore.a(wiring_digital.o)
                0x00000276                digital_pin_to_port_PGM
 .progmem.data.port_to_input_PGM
                0x00000295        0xe C:\Users\Vikas G\Documents\Atmel Studio\7.0\testblink\testblink\ArduinoCore\Debug\libArduinoCore.a(wiring_digital.o)
                0x00000295                port_to_input_PGM
 .progmem.data.port_to_output_PGM
                0x000002a3        0xe C:\Users\Vikas G\Documents\Atmel Studio\7.0\testblink\testblink\ArduinoCore\Debug\libArduinoCore.a(wiring_digital.o)
                0x000002a3                port_to_output_PGM
 .progmem.data.port_to_mode_PGM
                0x000002b1        0xe C:\Users\Vikas G\Documents\Atmel Studio\7.0\testblink\testblink\ArduinoCore\Debug\libArduinoCore.a(wiring_digital.o)
                0x000002b1                port_to_mode_PGM
                0x000002c0                . = ALIGN (0x2)
 *fill*         0x000002bf        0x1 
 *(.jumptables)
 *(.jumptables*)
 *(.lowtext)
 *(.lowtext*)
                0x000002c0                __ctors_start = .
 *(.ctors)
 .ctors         0x000002c0        0x2 BLE.o
 .ctors         0x000002c2        0x2 QTouch.o
 .ctors         0x000002c4        0x2 main_Module.o
 .ctors         0x000002c6        0x2 src/libraries/Wire/src/Wire.o
 .ctors         0x000002c8        0x2 C:\Users\Vikas G\Documents\Atmel Studio\7.0\testblink\testblink\ArduinoCore\Debug\libArduinoCore.a(CDC.o)
 .ctors         0x000002ca        0x2 C:\Users\Vikas G\Documents\Atmel Studio\7.0\testblink\testblink\ArduinoCore\Debug\libArduinoCore.a(HardwareSerial1.o)
                0x000002cc                __ctors_end = .
                0x000002cc                __dtors_start = .
 *(.dtors)
                0x000002cc                __dtors_end = .
 SORT(*)(.ctors)
 SORT(*)(.dtors)
 *(.init0)
 .init0         0x000002cc        0x0 C:/Program Files (x86)/Atmel/Studio/7.0/Packs/atmel/ATmega_DFP/1.0.98/gcc/dev/atmega32u4/avr5/crtatmega32u4.o
                0x000002cc                __init
 *(.init0)
 *(.init1)
 *(.init1)
 *(.init2)
 .init2         0x000002cc        0xc C:/Program Files (x86)/Atmel/Studio/7.0/Packs/atmel/ATmega_DFP/1.0.98/gcc/dev/atmega32u4/avr5/crtatmega32u4.o
 *(.init2)
 *(.init3)
 *(.init3)
 *(.init4)
 .init4         0x000002d8       0x16 c:/program files (x86)/atmel/studio/7.0/toolchain/avr8/avr8-gnu-toolchain/bin/../lib/gcc/avr/4.9.2/avr5\libgcc.a(_copy_data.o)
                0x000002d8                __do_copy_data
 .init4         0x000002ee       0x10 c:/program files (x86)/atmel/studio/7.0/toolchain/avr8/avr8-gnu-toolchain/bin/../lib/gcc/avr/4.9.2/avr5\libgcc.a(_clear_bss.o)
                0x000002ee                __do_clear_bss
 *(.init4)
 *(.init5)
 *(.init5)
 *(.init6)
 .init6         0x000002fe       0x16 c:/program files (x86)/atmel/studio/7.0/toolchain/avr8/avr8-gnu-toolchain/bin/../lib/gcc/avr/4.9.2/avr5\libgcc.a(_ctors.o)
                0x000002fe                __do_global_ctors
 *(.init6)
 *(.init7)
 *(.init7)
 *(.init8)
 *(.init8)
 *(.init9)
 .init9         0x00000314        0x8 C:/Program Files (x86)/Atmel/Studio/7.0/Packs/atmel/ATmega_DFP/1.0.98/gcc/dev/atmega32u4/avr5/crtatmega32u4.o
 *(.init9)
 *(.text)
 .text          0x0000031c        0x4 C:/Program Files (x86)/Atmel/Studio/7.0/Packs/atmel/ATmega_DFP/1.0.98/gcc/dev/atmega32u4/avr5/crtatmega32u4.o
                0x0000031c                __vector_38
                0x0000031c                __vector_22
                0x0000031c                __vector_28
                0x0000031c                __vector_1
                0x0000031c                __vector_32
                0x0000031c                __vector_34
                0x0000031c                __vector_24
                0x0000031c                __vector_12
                0x0000031c                __bad_interrupt
                0x0000031c                __vector_6
                0x0000031c                __vector_31
                0x0000031c                __vector_35
                0x0000031c                __vector_39
                0x0000031c                __vector_3
                0x0000031c                __vector_30
                0x0000031c                __vector_13
                0x0000031c                __vector_17
                0x0000031c                __vector_19
                0x0000031c                __vector_7
                0x0000031c                __vector_41
                0x0000031c                __vector_27
                0x0000031c                __vector_5
                0x0000031c                __vector_33
                0x0000031c                __vector_37
                0x0000031c                __vector_4
                0x0000031c                __vector_9
                0x0000031c                __vector_2
                0x0000031c                __vector_21
                0x0000031c                __vector_15
                0x0000031c                __vector_29
                0x0000031c                __vector_40
                0x0000031c                __vector_8
                0x0000031c                __vector_14
                0x0000031c                __vector_16
                0x0000031c                __vector_18
                0x0000031c                __vector_20
                0x0000031c                __vector_42
                0x00000320                . = ALIGN (0x2)
 *(.text.*)
 .text._ZN3BLEC2Ev
                0x00000320        0x2 BLE.o
                0x00000320                _ZN3BLEC2Ev
                0x00000320                _ZN3BLEC1Ev
 .text.startup._GLOBAL__sub_I_myHBTstatus
                0x00000322       0x14 BLE.o
 .text._ZN6QTouchC2Ev
                0x00000336        0x2 QTouch.o
                0x00000336                _ZN6QTouchC1Ev
                0x00000336                _ZN6QTouchC2Ev
 .text._ZN6QTouch8gpioInitEv
                0x00000338       0xce QTouch.o
                0x00000338                _ZN6QTouch8gpioInitEv
 .text._ZN6QTouch5L1_ONEv
                0x00000406        0x8 QTouch.o
                0x00000406                _ZN6QTouch5L1_ONEv
 .text._ZN6QTouch5L2_ONEv
                0x0000040e        0x8 QTouch.o
                0x0000040e                _ZN6QTouch5L2_ONEv
 .text._ZN6QTouch5L3_ONEv
                0x00000416        0x8 QTouch.o
                0x00000416                _ZN6QTouch5L3_ONEv
 .text._ZN6QTouch9Socket_ONEv
                0x0000041e        0x8 QTouch.o
                0x0000041e                _ZN6QTouch9Socket_ONEv
 .text._ZN6QTouch6L1_OFFEv
                0x00000426        0x8 QTouch.o
                0x00000426                _ZN6QTouch6L1_OFFEv
 .text._ZN6QTouch6L2_OFFEv
                0x0000042e        0x8 QTouch.o
                0x0000042e                _ZN6QTouch6L2_OFFEv
 .text._ZN6QTouch6L3_OFFEv
                0x00000436        0x8 QTouch.o
                0x00000436                _ZN6QTouch6L3_OFFEv
 .text._ZN6QTouch10Socket_OFFEv
                0x0000043e        0x8 QTouch.o
                0x0000043e                _ZN6QTouch10Socket_OFFEv
 .text._ZN6QTouch7FAN_OFFEv
                0x00000446       0x20 QTouch.o
                0x00000446                _ZN6QTouch7FAN_OFFEv
 .text._ZN6QTouch10Level2_OFFEv
                0x00000466        0x8 QTouch.o
                0x00000466                _ZN6QTouch10Level2_OFFEv
 .text._ZN6QTouch10Level3_OFFEv
                0x0000046e        0x8 QTouch.o
                0x0000046e                _ZN6QTouch10Level3_OFFEv
 .text._ZN6QTouch9Level4_ONEv
                0x00000476       0x26 QTouch.o
                0x00000476                _ZN6QTouch9Level4_ONEv
 .text._ZN6QTouch10Level4_OFFEv
                0x0000049c        0x8 QTouch.o
                0x0000049c                _ZN6QTouch10Level4_OFFEv
 .text._ZN6QTouch6FAN_ONEv
                0x000004a4       0x24 QTouch.o
                0x000004a4                _ZN6QTouch6FAN_ONEv
 .text._ZN6QTouch9Master_ONEv
                0x000004c8       0x36 QTouch.o
                0x000004c8                _ZN6QTouch9Master_ONEv
 .text._ZN6QTouch9Level2_ONEv
                0x000004fe       0x26 QTouch.o
                0x000004fe                _ZN6QTouch9Level2_ONEv
 .text._ZN6QTouch9Level3_ONEv
                0x00000524       0x26 QTouch.o
                0x00000524                _ZN6QTouch9Level3_ONEv
 .text._ZN6QTouch10Master_OFFEv
                0x0000054a       0x30 QTouch.o
                0x0000054a                _ZN6QTouch10Master_OFFEv
 .text._ZN6QTouch12readCapsenseEv
                0x0000057a      0x100 QTouch.o
                0x0000057a                _ZN6QTouch12readCapsenseEv
 .text._ZN6QTouch11cap_setLoadEh
                0x0000067a      0x388 QTouch.o
                0x0000067a                _ZN6QTouch11cap_setLoadEh
 .text._ZN6QTouch14readLoadstatusEv
                0x00000a02      0x110 QTouch.o
                0x00000a02                _ZN6QTouch14readLoadstatusEv
 .text.startup._GLOBAL__sub_I_mystatus
                0x00000b12        0x8 QTouch.o
 .text._ZN11EEPROMClass5writeEih.isra.1
                0x00000b1a        0x4 main_Module.o
 .text.setup    0x00000b1e      0x10c main_Module.o
                0x00000b1e                setup
 .text.loop     0x00000c2a      0x336 main_Module.o
                0x00000c2a                loop
 .text.startup._GLOBAL__sub_I_rtc
                0x00000f60       0x14 main_Module.o
 .text._ZL9date2daysjhh
                0x00000f74       0x6a src/libraries/RTClib/RTClib.o
 .text._ZL6conv2dPKc
                0x00000fde       0x1a src/libraries/RTClib/RTClib.o
 .text._ZN8DateTimeC2EPK19__FlashStringHelperS2_
                0x00000ff8       0xf4 src/libraries/RTClib/RTClib.o
                0x00000ff8                _ZN8DateTimeC2EPK19__FlashStringHelperS2_
                0x00000ff8                _ZN8DateTimeC1EPK19__FlashStringHelperS2_
 .text._ZNK8DateTime8unixtimeEv
                0x000010ec       0x7c src/libraries/RTClib/RTClib.o
                0x000010ec                _ZNK8DateTime8unixtimeEv
 .text._ZN10RTC_DS13075beginEv
                0x00001168        0xc src/libraries/RTClib/RTClib.o
                0x00001168                _ZN10RTC_DS13075beginEv
 .text._ZN10RTC_DS13076adjustERK8DateTime
                0x00001174       0xf8 src/libraries/RTClib/RTClib.o
                0x00001174                _ZN10RTC_DS13076adjustERK8DateTime
 .text._ZN10RTC_DS13079isrunningEv
                0x0000126c       0x52 src/libraries/RTClib/RTClib.o
                0x0000126c                _ZN10RTC_DS13079isrunningEv
 .text._ZN10RTC_DS13073nowEv
                0x000012be      0x116 src/libraries/RTClib/RTClib.o
                0x000012be                _ZN10RTC_DS13073nowEv
 .text.twi_init
                0x000013d4       0x3c src/libraries/Wire/src/utility/twi.o
                0x000013d4                twi_init
 .text.twi_readFrom
                0x00001410       0x90 src/libraries/Wire/src/utility/twi.o
                0x00001410                twi_readFrom
 .text.twi_writeTo
                0x000014a0       0xac src/libraries/Wire/src/utility/twi.o
                0x000014a0                twi_writeTo
 .text.twi_transmit
                0x0000154c       0x32 src/libraries/Wire/src/utility/twi.o
                0x0000154c                twi_transmit
 .text.twi_stop
                0x0000157e       0x14 src/libraries/Wire/src/utility/twi.o
                0x0000157e                twi_stop
 .text.twi_releaseBus
                0x00001592        0xc src/libraries/Wire/src/utility/twi.o
                0x00001592                twi_releaseBus
 .text.__vector_36
                0x0000159e      0x25a src/libraries/Wire/src/utility/twi.o
                0x0000159e                __vector_36
 .text._ZN7TwoWire9availableEv
                0x000017f8       0x10 src/libraries/Wire/src/Wire.o
                0x000017f8                _ZN7TwoWire9availableEv
 .text._ZN7TwoWire4readEv
                0x00001808       0x28 src/libraries/Wire/src/Wire.o
                0x00001808                _ZN7TwoWire4readEv
 .text._ZN7TwoWire4peekEv
                0x00001830       0x1e src/libraries/Wire/src/Wire.o
                0x00001830                _ZN7TwoWire4peekEv
 .text._ZN7TwoWire5flushEv
                0x0000184e        0x2 src/libraries/Wire/src/Wire.o
                0x0000184e                _ZN7TwoWire5flushEv
 .text._ZN7TwoWire5writeEPKhj
                0x00001850       0x60 src/libraries/Wire/src/Wire.o
                0x00001850                _ZN7TwoWire5writeEPKhj
 .text._ZN7TwoWire5writeEh
                0x000018b0       0x5e src/libraries/Wire/src/Wire.o
                0x000018b0                _ZN7TwoWire5writeEh
 .text._ZN7TwoWireC2Ev
                0x0000190e       0x20 src/libraries/Wire/src/Wire.o
                0x0000190e                _ZN7TwoWireC1Ev
                0x0000190e                _ZN7TwoWireC2Ev
 .text._ZN7TwoWire5beginEv
                0x0000192e       0x14 src/libraries/Wire/src/Wire.o
                0x0000192e                _ZN7TwoWire5beginEv
 .text._ZN7TwoWire17beginTransmissionEh
                0x00001942       0x14 src/libraries/Wire/src/Wire.o
                0x00001942                _ZN7TwoWire17beginTransmissionEh
 .text._ZN7TwoWire17beginTransmissionEi
                0x00001956        0x4 src/libraries/Wire/src/Wire.o
                0x00001956                _ZN7TwoWire17beginTransmissionEi
 .text._ZN7TwoWire15endTransmissionEh
                0x0000195a       0x26 src/libraries/Wire/src/Wire.o
                0x0000195a                _ZN7TwoWire15endTransmissionEh
 .text._ZN7TwoWire11requestFromEhhmhh
                0x00001980       0xa8 src/libraries/Wire/src/Wire.o
                0x00001980                _ZN7TwoWire11requestFromEhhmhh
 .text._ZN7TwoWire11requestFromEhhh
                0x00001a28       0x20 src/libraries/Wire/src/Wire.o
                0x00001a28                _ZN7TwoWire11requestFromEhhh
 .text._ZN7TwoWire11requestFromEii
                0x00001a48        0x6 src/libraries/Wire/src/Wire.o
                0x00001a48                _ZN7TwoWire11requestFromEii
 .text._ZN7TwoWire15endTransmissionEv
                0x00001a4e        0x6 src/libraries/Wire/src/Wire.o
                0x00001a4e                _ZN7TwoWire15endTransmissionEv
 .text.startup._GLOBAL__sub_I__ZN7TwoWire8rxBufferE
                0x00001a54        0x8 src/libraries/Wire/src/Wire.o
 .text._ZN3HBT16enterCommandModeEv
                0x00001a5c       0x20 HBT.o
                0x00001a5c                _ZN3HBT16enterCommandModeEv
 .text._ZN3HBT15exitCommandModeEv
                0x00001a7c       0x14 HBT.o
                0x00001a7c                _ZN3HBT15exitCommandModeEv
 .text._ZN3HBT5beginEl
                0x00001a90       0x14 HBT.o
                0x00001a90                _ZN3HBT5beginEl
 .text._ZN3HBT8parseIntEv
                0x00001aa4       0x18 HBT.o
                0x00001aa4                _ZN3HBT8parseIntEv
 .text._ZN3HBT5printEPKc
                0x00001abc       0x34 HBT.o
                0x00001abc                _ZN3HBT5printEPKc
 .text._ZN3HBT5printEhi
                0x00001af0       0x14 HBT.o
                0x00001af0                _ZN3HBT5printEhi
 .text._ZN3HBT7setNameEPc
                0x00001b04       0x3a HBT.o
                0x00001b04                _ZN3HBT7setNameEPc
 .text._ZN3HBT14setiBeaconModeEi
                0x00001b3e       0x56 HBT.o
                0x00001b3e                _ZN3HBT14setiBeaconModeEi
 .text._ZN3HBT11setWorkModeEi
                0x00001b94       0x64 HBT.o
                0x00001b94                _ZN3HBT11setWorkModeEi
 .text._ZN3HBT7setAuthEi
                0x00001bf8       0x56 HBT.o
                0x00001bf8                _ZN3HBT7setAuthEi
 .text._ZN3HBT20setTransmissionPowerEi
                0x00001c4e       0x76 HBT.o
                0x00001c4e                _ZN3HBT20setTransmissionPowerEi
 .text._ZN3HBT11setWorkRoleEi
                0x00001cc4       0x56 HBT.o
                0x00001cc4                _ZN3HBT11setWorkRoleEi
 .text._ZN3HBT9availableEv
                0x00001d1a       0x1c HBT.o
                0x00001d1a                _ZN3HBT9availableEv
 .text._ZN3HBT4readEv
                0x00001d36       0x10 HBT.o
                0x00001d36                _ZN3HBT4readEv
 .text._ZN3HBT5writeEh
                0x00001d46       0x10 HBT.o
                0x00001d46                _ZN3HBT5writeEh
 .text._ZN7Serial_5writeEh
                0x00001d56       0x2c C:\Users\Vikas G\Documents\Atmel Studio\7.0\testblink\testblink\ArduinoCore\Debug\libArduinoCore.a(CDC.o)
                0x00001d56                _ZN7Serial_5writeEh
 .text._ZN7Serial_4peekEv
                0x00001d82       0x22 C:\Users\Vikas G\Documents\Atmel Studio\7.0\testblink\testblink\ArduinoCore\Debug\libArduinoCore.a(CDC.o)
                0x00001d82                _ZN7Serial_4peekEv
 .text._ZN7Serial_5flushEv
                0x00001da4        0x6 C:\Users\Vikas G\Documents\Atmel Studio\7.0\testblink\testblink\ArduinoCore\Debug\libArduinoCore.a(CDC.o)
                0x00001da4                _ZN7Serial_5flushEv
 .text._ZN7Serial_9availableEv
                0x00001daa       0x20 C:\Users\Vikas G\Documents\Atmel Studio\7.0\testblink\testblink\ArduinoCore\Debug\libArduinoCore.a(CDC.o)
                0x00001daa                _ZN7Serial_9availableEv
 .text._ZN7Serial_4readEv
                0x00001dca       0x1a C:\Users\Vikas G\Documents\Atmel Studio\7.0\testblink\testblink\ArduinoCore\Debug\libArduinoCore.a(CDC.o)
                0x00001dca                _ZN7Serial_4readEv
 .text._ZN7Serial_5writeEPKhj
                0x00001de4       0x2c C:\Users\Vikas G\Documents\Atmel Studio\7.0\testblink\testblink\ArduinoCore\Debug\libArduinoCore.a(CDC.o)
                0x00001de4                _ZN7Serial_5writeEPKhj
 .text._Z16CDC_GetInterfacePh
                0x00001e10       0x16 C:\Users\Vikas G\Documents\Atmel Studio\7.0\testblink\testblink\ArduinoCore\Debug\libArduinoCore.a(CDC.o)
                0x00001e10                _Z16CDC_GetInterfacePh
 .text._Z9CDC_SetupR8USBSetup
                0x00001e26       0xf0 C:\Users\Vikas G\Documents\Atmel Studio\7.0\testblink\testblink\ArduinoCore\Debug\libArduinoCore.a(CDC.o)
                0x00001e26                _Z9CDC_SetupR8USBSetup
 .text._ZN7Serial_5beginEm
                0x00001f16        0xc C:\Users\Vikas G\Documents\Atmel Studio\7.0\testblink\testblink\ArduinoCore\Debug\libArduinoCore.a(CDC.o)
                0x00001f16                _ZN7Serial_5beginEm
 .text.startup._GLOBAL__sub_I__cdcInterface
                0x00001f22       0x2a C:\Users\Vikas G\Documents\Atmel Studio\7.0\testblink\testblink\ArduinoCore\Debug\libArduinoCore.a(CDC.o)
 .text._ZN14HardwareSerial9availableEv
                0x00001f4c       0x18 C:\Users\Vikas G\Documents\Atmel Studio\7.0\testblink\testblink\ArduinoCore\Debug\libArduinoCore.a(HardwareSerial.o)
                0x00001f4c                _ZN14HardwareSerial9availableEv
 .text._ZN14HardwareSerial4peekEv
                0x00001f64       0x1c C:\Users\Vikas G\Documents\Atmel Studio\7.0\testblink\testblink\ArduinoCore\Debug\libArduinoCore.a(HardwareSerial.o)
                0x00001f64                _ZN14HardwareSerial4peekEv
 .text._ZN14HardwareSerial4readEv
                0x00001f80       0x28 C:\Users\Vikas G\Documents\Atmel Studio\7.0\testblink\testblink\ArduinoCore\Debug\libArduinoCore.a(HardwareSerial.o)
                0x00001f80                _ZN14HardwareSerial4readEv
 .text._Z14serialEventRunv
                0x00001fa8       0x1c C:\Users\Vikas G\Documents\Atmel Studio\7.0\testblink\testblink\ArduinoCore\Debug\libArduinoCore.a(HardwareSerial.o)
                0x00001fa8                _Z14serialEventRunv
 .text._ZN14HardwareSerial17_tx_udr_empty_irqEv
                0x00001fc4       0x42 C:\Users\Vikas G\Documents\Atmel Studio\7.0\testblink\testblink\ArduinoCore\Debug\libArduinoCore.a(HardwareSerial.o)
                0x00001fc4                _ZN14HardwareSerial17_tx_udr_empty_irqEv
 .text._ZN14HardwareSerial5flushEv
                0x00002006       0x44 C:\Users\Vikas G\Documents\Atmel Studio\7.0\testblink\testblink\ArduinoCore\Debug\libArduinoCore.a(HardwareSerial.o)
                0x00002006                _ZN14HardwareSerial5flushEv
 .text._ZN14HardwareSerial5writeEh
                0x0000204a       0x8e C:\Users\Vikas G\Documents\Atmel Studio\7.0\testblink\testblink\ArduinoCore\Debug\libArduinoCore.a(HardwareSerial.o)
                0x0000204a                _ZN14HardwareSerial5writeEh
 .text._ZN14HardwareSerial5beginEmh
                0x000020d8       0xca C:\Users\Vikas G\Documents\Atmel Studio\7.0\testblink\testblink\ArduinoCore\Debug\libArduinoCore.a(HardwareSerial.o)
                0x000020d8                _ZN14HardwareSerial5beginEmh
 .text.__vector_25
                0x000021a2       0x64 C:\Users\Vikas G\Documents\Atmel Studio\7.0\testblink\testblink\ArduinoCore\Debug\libArduinoCore.a(HardwareSerial1.o)
                0x000021a2                __vector_25
 .text.__vector_26
                0x00002206       0x4c C:\Users\Vikas G\Documents\Atmel Studio\7.0\testblink\testblink\ArduinoCore\Debug\libArduinoCore.a(HardwareSerial1.o)
                0x00002206                __vector_26
 .text._Z17Serial1_availablev
                0x00002252       0x14 C:\Users\Vikas G\Documents\Atmel Studio\7.0\testblink\testblink\ArduinoCore\Debug\libArduinoCore.a(HardwareSerial1.o)
                0x00002252                _Z17Serial1_availablev
 .text.startup._GLOBAL__sub_I___vector_25
                0x00002266       0x5a C:\Users\Vikas G\Documents\Atmel Studio\7.0\testblink\testblink\ArduinoCore\Debug\libArduinoCore.a(HardwareSerial1.o)
 .text.initVariant
                0x000022c0        0x2 C:\Users\Vikas G\Documents\Atmel Studio\7.0\testblink\testblink\ArduinoCore\Debug\libArduinoCore.a(main.o)
                0x000022c0                initVariant
 .text.startup.main
                0x000022c2       0x26 C:\Users\Vikas G\Documents\Atmel Studio\7.0\testblink\testblink\ArduinoCore\Debug\libArduinoCore.a(main.o)
                0x000022c2                main
 .text._ZN5Print5writeEPKhj
                0x000022e8       0x56 C:\Users\Vikas G\Documents\Atmel Studio\7.0\testblink\testblink\ArduinoCore\Debug\libArduinoCore.a(Print.o)
                0x000022e8                _ZN5Print5writeEPKhj
 .text._ZN5Print5writeEPKc
                0x0000233e       0x2a C:\Users\Vikas G\Documents\Atmel Studio\7.0\testblink\testblink\ArduinoCore\Debug\libArduinoCore.a(Print.o)
                0x0000233e                _ZN5Print5writeEPKc
 .text._ZN5Print5printEPKc
                0x00002368        0x4 C:\Users\Vikas G\Documents\Atmel Studio\7.0\testblink\testblink\ArduinoCore\Debug\libArduinoCore.a(Print.o)
                0x00002368                _ZN5Print5printEPKc
 .text._ZN5Print5printEc
                0x0000236c        0xe C:\Users\Vikas G\Documents\Atmel Studio\7.0\testblink\testblink\ArduinoCore\Debug\libArduinoCore.a(Print.o)
                0x0000236c                _ZN5Print5printEc
 .text._ZN5Print7printlnEv
                0x0000237a        0x8 C:\Users\Vikas G\Documents\Atmel Studio\7.0\testblink\testblink\ArduinoCore\Debug\libArduinoCore.a(Print.o)
                0x0000237a                _ZN5Print7printlnEv
 .text._ZN5Print7printlnEPKc
                0x00002382       0x24 C:\Users\Vikas G\Documents\Atmel Studio\7.0\testblink\testblink\ArduinoCore\Debug\libArduinoCore.a(Print.o)
                0x00002382                _ZN5Print7printlnEPKc
 .text._ZN5Print11printNumberEmh
                0x000023a6       0xa8 C:\Users\Vikas G\Documents\Atmel Studio\7.0\testblink\testblink\ArduinoCore\Debug\libArduinoCore.a(Print.o)
                0x000023a6                _ZN5Print11printNumberEmh
 .text._ZN5Print5printEli
                0x0000244e       0x94 C:\Users\Vikas G\Documents\Atmel Studio\7.0\testblink\testblink\ArduinoCore\Debug\libArduinoCore.a(Print.o)
                0x0000244e                _ZN5Print5printEli
 .text._ZN5Print5printEii
                0x000024e2        0xe C:\Users\Vikas G\Documents\Atmel Studio\7.0\testblink\testblink\ArduinoCore\Debug\libArduinoCore.a(Print.o)
                0x000024e2                _ZN5Print5printEii
 .text._ZN5Print5printEmi
                0x000024f0       0x1a C:\Users\Vikas G\Documents\Atmel Studio\7.0\testblink\testblink\ArduinoCore\Debug\libArduinoCore.a(Print.o)
                0x000024f0                _ZN5Print5printEmi
 .text._ZN6Stream9timedPeekEv
                0x0000250a       0x60 C:\Users\Vikas G\Documents\Atmel Studio\7.0\testblink\testblink\ArduinoCore\Debug\libArduinoCore.a(Stream.o)
                0x0000250a                _ZN6Stream9timedPeekEv
 .text._ZN6Stream13peekNextDigitE13LookaheadModeb
                0x0000256a       0x74 C:\Users\Vikas G\Documents\Atmel Studio\7.0\testblink\testblink\ArduinoCore\Debug\libArduinoCore.a(Stream.o)
                0x0000256a                _ZN6Stream13peekNextDigitE13LookaheadModeb
 .text._ZN6Stream8parseIntE13LookaheadModec
                0x000025de       0xf0 C:\Users\Vikas G\Documents\Atmel Studio\7.0\testblink\testblink\ArduinoCore\Debug\libArduinoCore.a(Stream.o)
                0x000025de                _ZN6Stream8parseIntE13LookaheadModec
 .text._ZL4RecvPVhh
                0x000026ce       0x1a C:\Users\Vikas G\Documents\Atmel Studio\7.0\testblink\testblink\ArduinoCore\Debug\libArduinoCore.a(USBCore.o)
 .text._ZL11SendControlh
                0x000026e8       0x5c C:\Users\Vikas G\Documents\Atmel Studio\7.0\testblink\testblink\ArduinoCore\Debug\libArduinoCore.a(USBCore.o)
 .text._ZL24USB_SendStringDescriptorPKhhh
                0x00002744       0x7a C:\Users\Vikas G\Documents\Atmel Studio\7.0\testblink\testblink\ArduinoCore\Debug\libArduinoCore.a(USBCore.o)
 .text._ZL15USB_ClockEnablev
                0x000027be       0x46 C:\Users\Vikas G\Documents\Atmel Studio\7.0\testblink\testblink\ArduinoCore\Debug\libArduinoCore.a(USBCore.o)
 .text._ZL14SendInterfacesv
                0x00002804       0x2c C:\Users\Vikas G\Documents\Atmel Studio\7.0\testblink\testblink\ArduinoCore\Debug\libArduinoCore.a(USBCore.o)
 .text._ZN6LockEPC2Eh
                0x00002830       0x10 C:\Users\Vikas G\Documents\Atmel Studio\7.0\testblink\testblink\ArduinoCore\Debug\libArduinoCore.a(USBCore.o)
                0x00002830                _ZN6LockEPC2Eh
                0x00002830                _ZN6LockEPC1Eh
 .text._Z13USB_Availableh
                0x00002840       0x24 C:\Users\Vikas G\Documents\Atmel Studio\7.0\testblink\testblink\ArduinoCore\Debug\libArduinoCore.a(USBCore.o)
                0x00002840                _Z13USB_Availableh
 .text._Z8USB_RecvhPvi
                0x00002864       0x88 C:\Users\Vikas G\Documents\Atmel Studio\7.0\testblink\testblink\ArduinoCore\Debug\libArduinoCore.a(USBCore.o)
                0x00002864                _Z8USB_RecvhPvi
 .text._Z8USB_Recvh
                0x000028ec       0x2e C:\Users\Vikas G\Documents\Atmel Studio\7.0\testblink\testblink\ArduinoCore\Debug\libArduinoCore.a(USBCore.o)
                0x000028ec                _Z8USB_Recvh
 .text._Z13USB_SendSpaceh
                0x0000291a       0x34 C:\Users\Vikas G\Documents\Atmel Studio\7.0\testblink\testblink\ArduinoCore\Debug\libArduinoCore.a(USBCore.o)
                0x0000291a                _Z13USB_SendSpaceh
 .text._Z8USB_SendhPKvi
                0x0000294e      0x11a C:\Users\Vikas G\Documents\Atmel Studio\7.0\testblink\testblink\ArduinoCore\Debug\libArduinoCore.a(USBCore.o)
                0x0000294e                _Z8USB_SendhPKvi
 .text._Z11InitControli
                0x00002a68       0x16 C:\Users\Vikas G\Documents\Atmel Studio\7.0\testblink\testblink\ArduinoCore\Debug\libArduinoCore.a(USBCore.o)
                0x00002a68                _Z11InitControli
 .text._Z15USB_SendControlhPKvi
                0x00002a7e       0x4e C:\Users\Vikas G\Documents\Atmel Studio\7.0\testblink\testblink\ArduinoCore\Debug\libArduinoCore.a(USBCore.o)
                0x00002a7e                _Z15USB_SendControlhPKvi
 .text._Z15USB_RecvControlPvi
                0x00002acc       0x66 C:\Users\Vikas G\Documents\Atmel Studio\7.0\testblink\testblink\ArduinoCore\Debug\libArduinoCore.a(USBCore.o)
                0x00002acc                _Z15USB_RecvControlPvi
 .text.__vector_11
                0x00002b32      0x2ce C:\Users\Vikas G\Documents\Atmel Studio\7.0\testblink\testblink\ArduinoCore\Debug\libArduinoCore.a(USBCore.o)
                0x00002b32                __vector_11
 .text._Z9USB_Flushh
                0x00002e00       0x14 C:\Users\Vikas G\Documents\Atmel Studio\7.0\testblink\testblink\ArduinoCore\Debug\libArduinoCore.a(USBCore.o)
                0x00002e00                _Z9USB_Flushh
 .text.__vector_10
                0x00002e14      0x106 C:\Users\Vikas G\Documents\Atmel Studio\7.0\testblink\testblink\ArduinoCore\Debug\libArduinoCore.a(USBCore.o)
                0x00002e14                __vector_10
 .text._ZN10USBDevice_6attachEv
                0x00002f1a       0x26 C:\Users\Vikas G\Documents\Atmel Studio\7.0\testblink\testblink\ArduinoCore\Debug\libArduinoCore.a(USBCore.o)
                0x00002f1a                _ZN10USBDevice_6attachEv
 .text.__vector_23
                0x00002f40       0x94 C:\Users\Vikas G\Documents\Atmel Studio\7.0\testblink\testblink\ArduinoCore\Debug\libArduinoCore.a(wiring.o)
                0x00002f40                __vector_23
 .text.millis   0x00002fd4       0x18 C:\Users\Vikas G\Documents\Atmel Studio\7.0\testblink\testblink\ArduinoCore\Debug\libArduinoCore.a(wiring.o)
                0x00002fd4                millis
 .text.micros   0x00002fec       0x4a C:\Users\Vikas G\Documents\Atmel Studio\7.0\testblink\testblink\ArduinoCore\Debug\libArduinoCore.a(wiring.o)
                0x00002fec                micros
 .text.delay    0x00003036       0x78 C:\Users\Vikas G\Documents\Atmel Studio\7.0\testblink\testblink\ArduinoCore\Debug\libArduinoCore.a(wiring.o)
                0x00003036                delay
 .text.init     0x000030ae       0xac C:\Users\Vikas G\Documents\Atmel Studio\7.0\testblink\testblink\ArduinoCore\Debug\libArduinoCore.a(wiring.o)
                0x000030ae                init
 .text.turnOffPWM
                0x0000315a       0x7a C:\Users\Vikas G\Documents\Atmel Studio\7.0\testblink\testblink\ArduinoCore\Debug\libArduinoCore.a(wiring_digital.o)
 .text.pinMode  0x000031d4       0x78 C:\Users\Vikas G\Documents\Atmel Studio\7.0\testblink\testblink\ArduinoCore\Debug\libArduinoCore.a(wiring_digital.o)
                0x000031d4                pinMode
 .text.digitalWrite
                0x0000324c       0x60 C:\Users\Vikas G\Documents\Atmel Studio\7.0\testblink\testblink\ArduinoCore\Debug\libArduinoCore.a(wiring_digital.o)
                0x0000324c                digitalWrite
 .text.digitalRead
                0x000032ac       0x52 C:\Users\Vikas G\Documents\Atmel Studio\7.0\testblink\testblink\ArduinoCore\Debug\libArduinoCore.a(wiring_digital.o)
                0x000032ac                digitalRead
 .text.__empty  0x000032fe        0x2 C:\Users\Vikas G\Documents\Atmel Studio\7.0\testblink\testblink\ArduinoCore\Debug\libArduinoCore.a(hooks.o)
                0x000032fe                yield
 .text._ZN13PluggableUSB_12getInterfaceEPh
                0x00003300       0x52 C:\Users\Vikas G\Documents\Atmel Studio\7.0\testblink\testblink\ArduinoCore\Debug\libArduinoCore.a(PluggableUSB.o)
                0x00003300                _ZN13PluggableUSB_12getInterfaceEPh
 .text._ZN13PluggableUSB_13getDescriptorER8USBSetup
                0x00003352       0x3e C:\Users\Vikas G\Documents\Atmel Studio\7.0\testblink\testblink\ArduinoCore\Debug\libArduinoCore.a(PluggableUSB.o)
                0x00003352                _ZN13PluggableUSB_13getDescriptorER8USBSetup
 .text._ZN13PluggableUSB_12getShortNameEPc
                0x00003390       0x3e C:\Users\Vikas G\Documents\Atmel Studio\7.0\testblink\testblink\ArduinoCore\Debug\libArduinoCore.a(PluggableUSB.o)
                0x00003390                _ZN13PluggableUSB_12getShortNameEPc
 .text._ZN13PluggableUSB_5setupER8USBSetup
                0x000033ce       0x3c C:\Users\Vikas G\Documents\Atmel Studio\7.0\testblink\testblink\ArduinoCore\Debug\libArduinoCore.a(PluggableUSB.o)
                0x000033ce                _ZN13PluggableUSB_5setupER8USBSetup
 .text._Z12PluggableUSBv
                0x0000340a       0x28 C:\Users\Vikas G\Documents\Atmel Studio\7.0\testblink\testblink\ArduinoCore\Debug\libArduinoCore.a(PluggableUSB.o)
                0x0000340a                _Z12PluggableUSBv
 .text.libgcc.div
                0x00003432       0x18 c:/program files (x86)/atmel/studio/7.0/toolchain/avr8/avr8-gnu-toolchain/bin/../lib/gcc/avr/4.9.2/avr5\libgcc.a(_udivmodqi4.o)
                0x00003432                __udivmodqi4
 .text.libgcc.div
                0x0000344a       0x44 c:/program files (x86)/atmel/studio/7.0/toolchain/avr8/avr8-gnu-toolchain/bin/../lib/gcc/avr/4.9.2/avr5\libgcc.a(_udivmodsi4.o)
                0x0000344a                __udivmodsi4
 .text.libgcc   0x0000348e        0xc c:/program files (x86)/atmel/studio/7.0/toolchain/avr8/avr8-gnu-toolchain/bin/../lib/gcc/avr/4.9.2/avr5\libgcc.a(_tablejump2.o)
                0x0000348e                __tablejump2__
 .text.libgcc.mul
                0x0000349a       0x1e c:/program files (x86)/atmel/studio/7.0/toolchain/avr8/avr8-gnu-toolchain/bin/../lib/gcc/avr/4.9.2/avr5\libgcc.a(_umulhisi3.o)
                0x0000349a                __umulhisi3
 .text.libgcc.mul
                0x000034b8       0x16 c:/program files (x86)/atmel/studio/7.0/toolchain/avr8/avr8-gnu-toolchain/bin/../lib/gcc/avr/4.9.2/avr5\libgcc.a(_muluhisi3.o)
                0x000034b8                __muluhisi3
 .text.avr-libc
                0x000034ce       0x12 c:/program files (x86)/atmel/studio/7.0/toolchain/avr8/avr8-gnu-toolchain/bin/../lib/gcc/avr/4.9.2/../../../../avr/lib/avr5\libc.a(memcpy_P.o)
                0x000034ce                memcpy_P
 .text.avr-libc
                0x000034e0       0x10 C:/Program Files (x86)/Atmel/Studio/7.0/Packs/atmel/ATmega_DFP/1.0.98/gcc/dev/atmega32u4/avr5\libatmega32u4.a(eerd_byte.o)
                0x000034e0                eeprom_read_byte
 .text.avr-libc
                0x000034f0       0x1c C:/Program Files (x86)/Atmel/Studio/7.0/Packs/atmel/ATmega_DFP/1.0.98/gcc/dev/atmega32u4/avr5\libatmega32u4.a(eewr_byte.o)
                0x000034f0                eeprom_write_byte
                0x000034f2                eeprom_write_r18
                0x0000350c                . = ALIGN (0x2)
 *(.fini9)
 .fini9         0x0000350c        0x0 c:/program files (x86)/atmel/studio/7.0/toolchain/avr8/avr8-gnu-toolchain/bin/../lib/gcc/avr/4.9.2/avr5\libgcc.a(_exit.o)
                0x0000350c                _exit
                0x0000350c                exit
 *(.fini9)
 *(.fini8)
 *(.fini8)
 *(.fini7)
 *(.fini7)
 *(.fini6)
 *(.fini6)
 *(.fini5)
 *(.fini5)
 *(.fini4)
 *(.fini4)
 *(.fini3)
 *(.fini3)
 *(.fini2)
 *(.fini2)
 *(.fini1)
 *(.fini1)
 *(.fini0)
 .fini0         0x0000350c        0x4 c:/program files (x86)/atmel/studio/7.0/toolchain/avr8/avr8-gnu-toolchain/bin/../lib/gcc/avr/4.9.2/avr5\libgcc.a(_exit.o)
 *(.fini0)
                0x00003510                _etext = .

.data           0x00800100      0x244 load address 0x00003510
                0x00800100                PROVIDE (__data_start, .)
 *(.data)
 *(.data*)
 .data._ZL10breakValue
                0x00800100        0x4 C:\Users\Vikas G\Documents\Atmel Studio\7.0\testblink\testblink\ArduinoCore\Debug\libArduinoCore.a(CDC.o)
 .data._ZL12_usbLineInfo
                0x00800104        0x8 C:\Users\Vikas G\Documents\Atmel Studio\7.0\testblink\testblink\ArduinoCore\Debug\libArduinoCore.a(CDC.o)
 .data._initEndpoints
                0x0080010c        0x7 C:\Users\Vikas G\Documents\Atmel Studio\7.0\testblink\testblink\ArduinoCore\Debug\libArduinoCore.a(USBCore.o)
                0x0080010c                _initEndpoints
 *(.rodata)
 .rodata        0x00800113        0x8 QTouch.o
 *(.rodata*)
 .rodata.str1.1
                0x0080011b       0x28 QTouch.o
 .rodata.str1.1
                0x00800143       0x77 main_Module.o
 .rodata._ZTV7TwoWire
                0x008001ba       0x10 src/libraries/Wire/src/Wire.o
                0x008001ba                _ZTV7TwoWire
 .rodata.str1.1
                0x008001ca      0x143 HBT.o
                                0x14d (size before relaxing)
 .rodata._ZTV3HBT
                0x0080030d        0x6 HBT.o
                0x0080030d                _ZTV3HBT
 .rodata._ZTV7Serial_
                0x00800313       0x10 C:\Users\Vikas G\Documents\Atmel Studio\7.0\testblink\testblink\ArduinoCore\Debug\libArduinoCore.a(CDC.o)
                0x00800313                _ZTV7Serial_
 .rodata._ZTV14HardwareSerial
                0x00800323       0x10 C:\Users\Vikas G\Documents\Atmel Studio\7.0\testblink\testblink\ArduinoCore\Debug\libArduinoCore.a(HardwareSerial.o)
                0x00800323                _ZTV14HardwareSerial
 .rodata.str1.1
                0x00800333       0x11 C:\Users\Vikas G\Documents\Atmel Studio\7.0\testblink\testblink\ArduinoCore\Debug\libArduinoCore.a(Print.o)
 *(.gnu.linkonce.d*)
                0x00800344                . = ALIGN (0x2)
                0x00800344                _edata = .
                0x00800344                PROVIDE (__data_end, .)

.bss            0x00800344      0x1fd
                0x00800344                PROVIDE (__bss_start, .)
 *(.bss)
 *(.bss*)
 .bss.capTouch  0x00800344        0x7 BLE.o
                0x00800344                capTouch
 .bss.myHBTstatus
                0x0080034b        0x4 BLE.o
                0x0080034b                myHBTstatus
 .bss.mystatus  0x0080034f        0x4 QTouch.o
                0x0080034f                mystatus
 .bss.mask_byte_3
                0x00800353        0x1 main_Module.o
                0x00800353                mask_byte_3
 .bss.mask_byte_2
                0x00800354        0x1 main_Module.o
                0x00800354                mask_byte_2
 .bss.mask_byte_1
                0x00800355        0x1 main_Module.o
                0x00800355                mask_byte_1
 .bss.mask_byte_0
                0x00800356        0x1 main_Module.o
                0x00800356                mask_byte_0
 .bss.time      0x00800357        0x4 main_Module.o
                0x00800357                time
 .bss.curr_load_output_status
                0x0080035b        0x1 main_Module.o
                0x0080035b                curr_load_output_status
 .bss.prev_load_output_status
                0x0080035c        0x1 main_Module.o
                0x0080035c                prev_load_output_status
 .bss.new_state
                0x0080035d        0x1 main_Module.o
                0x0080035d                new_state
 .bss.change    0x0080035e        0x1 main_Module.o
                0x0080035e                change
 .bss.temp      0x0080035f        0x1 main_Module.o
                0x0080035f                temp
 .bss.prev_touch_input
                0x00800360        0x1 main_Module.o
                0x00800360                prev_touch_input
 .bss.touch_input
                0x00800361        0x1 main_Module.o
                0x00800361                touch_input
 .bss.Pin_Value
                0x00800362        0x2 main_Module.o
                0x00800362                Pin_Value
 .bss.Pin_No    0x00800364        0x2 main_Module.o
                0x00800364                Pin_No
 .bss.Pin_Type  0x00800366        0x2 main_Module.o
                0x00800366                Pin_Type
 .bss.myTouch   0x00800368        0x7 main_Module.o
                0x00800368                myTouch
 .bss.myHBT     0x0080036f        0x4 main_Module.o
                0x0080036f                myHBT
 .bss.rtc       0x00800373        0x1 main_Module.o
                0x00800373                rtc
 .bss.twi_error
                0x00800374        0x1 src/libraries/Wire/src/utility/twi.o
 .bss.twi_rxBufferIndex
                0x00800375        0x1 src/libraries/Wire/src/utility/twi.o
 .bss.twi_rxBuffer
                0x00800376       0x20 src/libraries/Wire/src/utility/twi.o
 .bss.twi_txBufferLength
                0x00800396        0x1 src/libraries/Wire/src/utility/twi.o
 .bss.twi_txBufferIndex
                0x00800397        0x1 src/libraries/Wire/src/utility/twi.o
 .bss.twi_txBuffer
                0x00800398       0x20 src/libraries/Wire/src/utility/twi.o
 .bss.twi_masterBufferLength
                0x008003b8        0x1 src/libraries/Wire/src/utility/twi.o
 .bss.twi_masterBufferIndex
                0x008003b9        0x1 src/libraries/Wire/src/utility/twi.o
 .bss.twi_masterBuffer
                0x008003ba       0x20 src/libraries/Wire/src/utility/twi.o
 .bss.twi_onSlaveReceive
                0x008003da        0x2 src/libraries/Wire/src/utility/twi.o
 .bss.twi_onSlaveTransmit
                0x008003dc        0x2 src/libraries/Wire/src/utility/twi.o
 .bss.twi_inRepStart
                0x008003de        0x1 src/libraries/Wire/src/utility/twi.o
 .bss.twi_sendStop
                0x008003df        0x1 src/libraries/Wire/src/utility/twi.o
 .bss.twi_slarw
                0x008003e0        0x1 src/libraries/Wire/src/utility/twi.o
 .bss.twi_state
                0x008003e1        0x1 src/libraries/Wire/src/utility/twi.o
 .bss.Wire      0x008003e2        0xc src/libraries/Wire/src/Wire.o
                0x008003e2                Wire
 .bss._ZN7TwoWire12transmittingE
                0x008003ee        0x1 src/libraries/Wire/src/Wire.o
                0x008003ee                _ZN7TwoWire12transmittingE
 .bss._ZN7TwoWire14txBufferLengthE
                0x008003ef        0x1 src/libraries/Wire/src/Wire.o
                0x008003ef                _ZN7TwoWire14txBufferLengthE
 .bss._ZN7TwoWire13txBufferIndexE
                0x008003f0        0x1 src/libraries/Wire/src/Wire.o
                0x008003f0                _ZN7TwoWire13txBufferIndexE
 .bss._ZN7TwoWire8txBufferE
                0x008003f1       0x20 src/libraries/Wire/src/Wire.o
                0x008003f1                _ZN7TwoWire8txBufferE
 .bss._ZN7TwoWire9txAddressE
                0x00800411        0x1 src/libraries/Wire/src/Wire.o
                0x00800411                _ZN7TwoWire9txAddressE
 .bss._ZN7TwoWire14rxBufferLengthE
                0x00800412        0x1 src/libraries/Wire/src/Wire.o
                0x00800412                _ZN7TwoWire14rxBufferLengthE
 .bss._ZN7TwoWire13rxBufferIndexE
                0x00800413        0x1 src/libraries/Wire/src/Wire.o
                0x00800413                _ZN7TwoWire13rxBufferIndexE
 .bss._ZN7TwoWire8rxBufferE
                0x00800414       0x20 src/libraries/Wire/src/Wire.o
                0x00800414                _ZN7TwoWire8rxBufferE
 .bss.Serial    0x00800434       0x50 C:\Users\Vikas G\Documents\Atmel Studio\7.0\testblink\testblink\ArduinoCore\Debug\libArduinoCore.a(CDC.o)
                0x00800434                Serial
 .bss.Serial1   0x00800484       0x9d C:\Users\Vikas G\Documents\Atmel Studio\7.0\testblink\testblink\ArduinoCore\Debug\libArduinoCore.a(HardwareSerial1.o)
                0x00800484                Serial1
 .bss.USBDevice
                0x00800521        0x1 C:\Users\Vikas G\Documents\Atmel Studio\7.0\testblink\testblink\ArduinoCore\Debug\libArduinoCore.a(USBCore.o)
                0x00800521                USBDevice
 .bss._ZL13_cdcComposite
                0x00800522        0x1 C:\Users\Vikas G\Documents\Atmel Studio\7.0\testblink\testblink\ArduinoCore\Debug\libArduinoCore.a(USBCore.o)
 .bss._ZL5_cend
                0x00800523        0x2 C:\Users\Vikas G\Documents\Atmel Studio\7.0\testblink\testblink\ArduinoCore\Debug\libArduinoCore.a(USBCore.o)
 .bss._ZL6_cmark
                0x00800525        0x2 C:\Users\Vikas G\Documents\Atmel Studio\7.0\testblink\testblink\ArduinoCore\Debug\libArduinoCore.a(USBCore.o)
 .bss._usbSuspendState
                0x00800527        0x1 C:\Users\Vikas G\Documents\Atmel Studio\7.0\testblink\testblink\ArduinoCore\Debug\libArduinoCore.a(USBCore.o)
                0x00800527                _usbSuspendState
 .bss._usbCurrentStatus
                0x00800528        0x1 C:\Users\Vikas G\Documents\Atmel Studio\7.0\testblink\testblink\ArduinoCore\Debug\libArduinoCore.a(USBCore.o)
                0x00800528                _usbCurrentStatus
 .bss._usbConfiguration
                0x00800529        0x1 C:\Users\Vikas G\Documents\Atmel Studio\7.0\testblink\testblink\ArduinoCore\Debug\libArduinoCore.a(USBCore.o)
                0x00800529                _usbConfiguration
 .bss.RxLEDPulse
                0x0080052a        0x1 C:\Users\Vikas G\Documents\Atmel Studio\7.0\testblink\testblink\ArduinoCore\Debug\libArduinoCore.a(USBCore.o)
                0x0080052a                RxLEDPulse
 .bss.TxLEDPulse
                0x0080052b        0x1 C:\Users\Vikas G\Documents\Atmel Studio\7.0\testblink\testblink\ArduinoCore\Debug\libArduinoCore.a(USBCore.o)
                0x0080052b                TxLEDPulse
 .bss.timer0_fract
                0x0080052c        0x1 C:\Users\Vikas G\Documents\Atmel Studio\7.0\testblink\testblink\ArduinoCore\Debug\libArduinoCore.a(wiring.o)
 .bss.timer0_millis
                0x0080052d        0x4 C:\Users\Vikas G\Documents\Atmel Studio\7.0\testblink\testblink\ArduinoCore\Debug\libArduinoCore.a(wiring.o)
                0x0080052d                timer0_millis
 .bss.timer0_overflow_count
                0x00800531        0x4 C:\Users\Vikas G\Documents\Atmel Studio\7.0\testblink\testblink\ArduinoCore\Debug\libArduinoCore.a(wiring.o)
                0x00800531                timer0_overflow_count
 .bss._ZZ12PluggableUSBvE3obj
                0x00800535        0x4 C:\Users\Vikas G\Documents\Atmel Studio\7.0\testblink\testblink\ArduinoCore\Debug\libArduinoCore.a(PluggableUSB.o)
 .bss._ZGVZ12PluggableUSBvE3obj
                0x00800539        0x8 C:\Users\Vikas G\Documents\Atmel Studio\7.0\testblink\testblink\ArduinoCore\Debug\libArduinoCore.a(PluggableUSB.o)
 *(COMMON)
                0x00800541                PROVIDE (__bss_end, .)
                0x00003510                __data_load_start = LOADADDR (.data)
                0x00003754                __data_load_end = (__data_load_start + SIZEOF (.data))

.noinit         0x00800541        0x0
                0x00800541                PROVIDE (__noinit_start, .)
 *(.noinit*)
                0x00800541                PROVIDE (__noinit_end, .)
                0x00800541                _end = .
                0x00800541                PROVIDE (__heap_start, .)

.eeprom         0x00810000        0x0
 *(.eeprom*)
                0x00810000                __eeprom_end = .

.fuse
 *(.fuse)
 *(.lfuse)
 *(.hfuse)
 *(.efuse)

.lock
 *(.lock*)

.signature
 *(.signature*)

.user_signatures
 *(.user_signatures*)

.stab
 *(.stab)

.stabstr
 *(.stabstr)

.stab.excl
 *(.stab.excl)

.stab.exclstr
 *(.stab.exclstr)

.stab.index
 *(.stab.index)

.stab.indexstr
 *(.stab.indexstr)

.comment        0x00000000       0x30
 *(.comment)
 .comment       0x00000000       0x30 BLE.o
                                 0x31 (size before relaxing)
 .comment       0x00000030       0x31 QTouch.o
 .comment       0x00000030       0x31 main_Module.o
 .comment       0x00000030       0x31 src/libraries/RTClib/RTClib.o
 .comment       0x00000030       0x31 src/libraries/Wire/src/utility/twi.o
 .comment       0x00000030       0x31 src/libraries/Wire/src/Wire.o
 .comment       0x00000030       0x31 HBT.o
 .comment       0x00000030       0x31 C:\Users\Vikas G\Documents\Atmel Studio\7.0\testblink\testblink\ArduinoCore\Debug\libArduinoCore.a(CDC.o)
 .comment       0x00000030       0x31 C:\Users\Vikas G\Documents\Atmel Studio\7.0\testblink\testblink\ArduinoCore\Debug\libArduinoCore.a(HardwareSerial.o)
 .comment       0x00000030       0x31 C:\Users\Vikas G\Documents\Atmel Studio\7.0\testblink\testblink\ArduinoCore\Debug\libArduinoCore.a(HardwareSerial1.o)
 .comment       0x00000030       0x31 C:\Users\Vikas G\Documents\Atmel Studio\7.0\testblink\testblink\ArduinoCore\Debug\libArduinoCore.a(main.o)
 .comment       0x00000030       0x31 C:\Users\Vikas G\Documents\Atmel Studio\7.0\testblink\testblink\ArduinoCore\Debug\libArduinoCore.a(Print.o)
 .comment       0x00000030       0x31 C:\Users\Vikas G\Documents\Atmel Studio\7.0\testblink\testblink\ArduinoCore\Debug\libArduinoCore.a(Stream.o)
 .comment       0x00000030       0x31 C:\Users\Vikas G\Documents\Atmel Studio\7.0\testblink\testblink\ArduinoCore\Debug\libArduinoCore.a(USBCore.o)
 .comment       0x00000030       0x31 C:\Users\Vikas G\Documents\Atmel Studio\7.0\testblink\testblink\ArduinoCore\Debug\libArduinoCore.a(wiring.o)
 .comment       0x00000030       0x31 C:\Users\Vikas G\Documents\Atmel Studio\7.0\testblink\testblink\ArduinoCore\Debug\libArduinoCore.a(wiring_digital.o)
 .comment       0x00000030       0x31 C:\Users\Vikas G\Documents\Atmel Studio\7.0\testblink\testblink\ArduinoCore\Debug\libArduinoCore.a(hooks.o)
 .comment       0x00000030       0x31 C:\Users\Vikas G\Documents\Atmel Studio\7.0\testblink\testblink\ArduinoCore\Debug\libArduinoCore.a(PluggableUSB.o)

.note.gnu.avr.deviceinfo
                0x00000000       0x40
 .note.gnu.avr.deviceinfo
                0x00000000       0x40 C:/Program Files (x86)/Atmel/Studio/7.0/Packs/atmel/ATmega_DFP/1.0.98/gcc/dev/atmega32u4/avr5/crtatmega32u4.o

.note.gnu.build-id
 *(.note.gnu.build-id)

.debug
 *(.debug)

.line
 *(.line)

.debug_srcinfo
 *(.debug_srcinfo)

.debug_sfnames
 *(.debug_sfnames)

.debug_aranges  0x00000000      0xaa0
 *(.debug_aranges)
 .debug_aranges
                0x00000000       0x38 BLE.o
 .debug_aranges
                0x00000038       0xe0 QTouch.o
 .debug_aranges
                0x00000118       0x88 main_Module.o
 .debug_aranges
                0x000001a0      0x110 src/libraries/RTClib/RTClib.o
 .debug_aranges
                0x000002b0       0x78 src/libraries/Wire/src/utility/twi.o
 .debug_aranges
                0x00000328       0xe8 src/libraries/Wire/src/Wire.o
 .debug_aranges
                0x00000410      0x1a0 HBT.o
 .debug_aranges
                0x000005b0       0xc0 C:\Users\Vikas G\Documents\Atmel Studio\7.0\testblink\testblink\ArduinoCore\Debug\libArduinoCore.a(CDC.o)
 .debug_aranges
                0x00000670       0x68 C:\Users\Vikas G\Documents\Atmel Studio\7.0\testblink\testblink\ArduinoCore\Debug\libArduinoCore.a(HardwareSerial.o)
 .debug_aranges
                0x000006d8       0x38 C:\Users\Vikas G\Documents\Atmel Studio\7.0\testblink\testblink\ArduinoCore\Debug\libArduinoCore.a(HardwareSerial1.o)
 .debug_aranges
                0x00000710       0x38 C:\Users\Vikas G\Documents\Atmel Studio\7.0\testblink\testblink\ArduinoCore\Debug\libArduinoCore.a(main.o)
 .debug_aranges
                0x00000748       0xf0 C:\Users\Vikas G\Documents\Atmel Studio\7.0\testblink\testblink\ArduinoCore\Debug\libArduinoCore.a(Print.o)
 .debug_aranges
                0x00000838       0x98 C:\Users\Vikas G\Documents\Atmel Studio\7.0\testblink\testblink\ArduinoCore\Debug\libArduinoCore.a(Stream.o)
 .debug_aranges
                0x000008d0       0xe0 C:\Users\Vikas G\Documents\Atmel Studio\7.0\testblink\testblink\ArduinoCore\Debug\libArduinoCore.a(USBCore.o)
 .debug_aranges
                0x000009b0       0x48 C:\Users\Vikas G\Documents\Atmel Studio\7.0\testblink\testblink\ArduinoCore\Debug\libArduinoCore.a(wiring.o)
 .debug_aranges
                0x000009f8       0x38 C:\Users\Vikas G\Documents\Atmel Studio\7.0\testblink\testblink\ArduinoCore\Debug\libArduinoCore.a(wiring_digital.o)
 .debug_aranges
                0x00000a30       0x20 C:\Users\Vikas G\Documents\Atmel Studio\7.0\testblink\testblink\ArduinoCore\Debug\libArduinoCore.a(hooks.o)
 .debug_aranges
                0x00000a50       0x50 C:\Users\Vikas G\Documents\Atmel Studio\7.0\testblink\testblink\ArduinoCore\Debug\libArduinoCore.a(PluggableUSB.o)

.debug_pubnames
 *(.debug_pubnames)

.debug_info     0x00000000    0x197c6
 *(.debug_info .gnu.linkonce.wi.*)
 .debug_info    0x00000000      0x877 BLE.o
 .debug_info    0x00000877     0x1dad QTouch.o
 .debug_info    0x00002624     0x2643 main_Module.o
 .debug_info    0x00004c67     0x1dfb src/libraries/RTClib/RTClib.o
 .debug_info    0x00006a62      0x600 src/libraries/Wire/src/utility/twi.o
 .debug_info    0x00007062     0x240f src/libraries/Wire/src/Wire.o
 .debug_info    0x00009471     0x34f8 HBT.o
 .debug_info    0x0000c969     0x2636 C:\Users\Vikas G\Documents\Atmel Studio\7.0\testblink\testblink\ArduinoCore\Debug\libArduinoCore.a(CDC.o)
 .debug_info    0x0000ef9f     0x1b83 C:\Users\Vikas G\Documents\Atmel Studio\7.0\testblink\testblink\ArduinoCore\Debug\libArduinoCore.a(HardwareSerial.o)
 .debug_info    0x00010b22     0x179e C:\Users\Vikas G\Documents\Atmel Studio\7.0\testblink\testblink\ArduinoCore\Debug\libArduinoCore.a(HardwareSerial1.o)
 .debug_info    0x000122c0      0x324 C:\Users\Vikas G\Documents\Atmel Studio\7.0\testblink\testblink\ArduinoCore\Debug\libArduinoCore.a(main.o)
 .debug_info    0x000125e4     0x274f C:\Users\Vikas G\Documents\Atmel Studio\7.0\testblink\testblink\ArduinoCore\Debug\libArduinoCore.a(Print.o)
 .debug_info    0x00014d33     0x1f09 C:\Users\Vikas G\Documents\Atmel Studio\7.0\testblink\testblink\ArduinoCore\Debug\libArduinoCore.a(Stream.o)
 .debug_info    0x00016c3c     0x1a74 C:\Users\Vikas G\Documents\Atmel Studio\7.0\testblink\testblink\ArduinoCore\Debug\libArduinoCore.a(USBCore.o)
 .debug_info    0x000186b0      0x2f6 C:\Users\Vikas G\Documents\Atmel Studio\7.0\testblink\testblink\ArduinoCore\Debug\libArduinoCore.a(wiring.o)
 .debug_info    0x000189a6      0x62d C:\Users\Vikas G\Documents\Atmel Studio\7.0\testblink\testblink\ArduinoCore\Debug\libArduinoCore.a(wiring_digital.o)
 .debug_info    0x00018fd3       0x3e C:\Users\Vikas G\Documents\Atmel Studio\7.0\testblink\testblink\ArduinoCore\Debug\libArduinoCore.a(hooks.o)
 .debug_info    0x00019011      0x7b5 C:\Users\Vikas G\Documents\Atmel Studio\7.0\testblink\testblink\ArduinoCore\Debug\libArduinoCore.a(PluggableUSB.o)

.debug_abbrev   0x00000000     0x3fc3
 *(.debug_abbrev)
 .debug_abbrev  0x00000000      0x2d0 BLE.o
 .debug_abbrev  0x000002d0      0x360 QTouch.o
 .debug_abbrev  0x00000630      0x48f main_Module.o
 .debug_abbrev  0x00000abf      0x51e src/libraries/RTClib/RTClib.o
 .debug_abbrev  0x00000fdd      0x25f src/libraries/Wire/src/utility/twi.o
 .debug_abbrev  0x0000123c      0x598 src/libraries/Wire/src/Wire.o
 .debug_abbrev  0x000017d4      0x460 HBT.o
 .debug_abbrev  0x00001c34      0x5d7 C:\Users\Vikas G\Documents\Atmel Studio\7.0\testblink\testblink\ArduinoCore\Debug\libArduinoCore.a(CDC.o)
 .debug_abbrev  0x0000220b      0x432 C:\Users\Vikas G\Documents\Atmel Studio\7.0\testblink\testblink\ArduinoCore\Debug\libArduinoCore.a(HardwareSerial.o)
 .debug_abbrev  0x0000263d      0x37c C:\Users\Vikas G\Documents\Atmel Studio\7.0\testblink\testblink\ArduinoCore\Debug\libArduinoCore.a(HardwareSerial1.o)
 .debug_abbrev  0x000029b9      0x182 C:\Users\Vikas G\Documents\Atmel Studio\7.0\testblink\testblink\ArduinoCore\Debug\libArduinoCore.a(main.o)
 .debug_abbrev  0x00002b3b      0x44e C:\Users\Vikas G\Documents\Atmel Studio\7.0\testblink\testblink\ArduinoCore\Debug\libArduinoCore.a(Print.o)
 .debug_abbrev  0x00002f89      0x490 C:\Users\Vikas G\Documents\Atmel Studio\7.0\testblink\testblink\ArduinoCore\Debug\libArduinoCore.a(Stream.o)
 .debug_abbrev  0x00003419      0x628 C:\Users\Vikas G\Documents\Atmel Studio\7.0\testblink\testblink\ArduinoCore\Debug\libArduinoCore.a(USBCore.o)
 .debug_abbrev  0x00003a41      0x145 C:\Users\Vikas G\Documents\Atmel Studio\7.0\testblink\testblink\ArduinoCore\Debug\libArduinoCore.a(wiring.o)
 .debug_abbrev  0x00003b86      0x15a C:\Users\Vikas G\Documents\Atmel Studio\7.0\testblink\testblink\ArduinoCore\Debug\libArduinoCore.a(wiring_digital.o)
 .debug_abbrev  0x00003ce0       0x2a C:\Users\Vikas G\Documents\Atmel Studio\7.0\testblink\testblink\ArduinoCore\Debug\libArduinoCore.a(hooks.o)
 .debug_abbrev  0x00003d0a      0x2b9 C:\Users\Vikas G\Documents\Atmel Studio\7.0\testblink\testblink\ArduinoCore\Debug\libArduinoCore.a(PluggableUSB.o)

.debug_line     0x00000000     0x398d
 *(.debug_line .debug_line.* .debug_line_end)
 .debug_line    0x00000000      0x218 BLE.o
 .debug_line    0x00000218      0x45b QTouch.o
 .debug_line    0x00000673      0x4dd main_Module.o
 .debug_line    0x00000b50      0x591 src/libraries/RTClib/RTClib.o
 .debug_line    0x000010e1      0x2ab src/libraries/Wire/src/utility/twi.o
 .debug_line    0x0000138c      0x3d9 src/libraries/Wire/src/Wire.o
 .debug_line    0x00001765      0x5de HBT.o
 .debug_line    0x00001d43      0x460 C:\Users\Vikas G\Documents\Atmel Studio\7.0\testblink\testblink\ArduinoCore\Debug\libArduinoCore.a(CDC.o)
 .debug_line    0x000021a3      0x2c6 C:\Users\Vikas G\Documents\Atmel Studio\7.0\testblink\testblink\ArduinoCore\Debug\libArduinoCore.a(HardwareSerial.o)
 .debug_line    0x00002469      0x211 C:\Users\Vikas G\Documents\Atmel Studio\7.0\testblink\testblink\ArduinoCore\Debug\libArduinoCore.a(HardwareSerial1.o)
 .debug_line    0x0000267a      0x156 C:\Users\Vikas G\Documents\Atmel Studio\7.0\testblink\testblink\ArduinoCore\Debug\libArduinoCore.a(main.o)
 .debug_line    0x000027d0      0x414 C:\Users\Vikas G\Documents\Atmel Studio\7.0\testblink\testblink\ArduinoCore\Debug\libArduinoCore.a(Print.o)
 .debug_line    0x00002be4      0x37e C:\Users\Vikas G\Documents\Atmel Studio\7.0\testblink\testblink\ArduinoCore\Debug\libArduinoCore.a(Stream.o)
 .debug_line    0x00002f62      0x517 C:\Users\Vikas G\Documents\Atmel Studio\7.0\testblink\testblink\ArduinoCore\Debug\libArduinoCore.a(USBCore.o)
 .debug_line    0x00003479      0x199 C:\Users\Vikas G\Documents\Atmel Studio\7.0\testblink\testblink\ArduinoCore\Debug\libArduinoCore.a(wiring.o)
 .debug_line    0x00003612      0x152 C:\Users\Vikas G\Documents\Atmel Studio\7.0\testblink\testblink\ArduinoCore\Debug\libArduinoCore.a(wiring_digital.o)
 .debug_line    0x00003764       0x40 C:\Users\Vikas G\Documents\Atmel Studio\7.0\testblink\testblink\ArduinoCore\Debug\libArduinoCore.a(hooks.o)
 .debug_line    0x000037a4      0x1e9 C:\Users\Vikas G\Documents\Atmel Studio\7.0\testblink\testblink\ArduinoCore\Debug\libArduinoCore.a(PluggableUSB.o)

.debug_frame    0x00000000     0x22f8
 *(.debug_frame)
 .debug_frame   0x00000000       0x60 BLE.o
 .debug_frame   0x00000060      0x2f0 QTouch.o
 .debug_frame   0x00000350      0x23c main_Module.o
 .debug_frame   0x0000058c      0x450 src/libraries/RTClib/RTClib.o
 .debug_frame   0x000009dc      0x124 src/libraries/Wire/src/utility/twi.o
 .debug_frame   0x00000b00      0x258 src/libraries/Wire/src/Wire.o
 .debug_frame   0x00000d58      0x554 HBT.o
 .debug_frame   0x000012ac      0x1a8 C:\Users\Vikas G\Documents\Atmel Studio\7.0\testblink\testblink\ArduinoCore\Debug\libArduinoCore.a(CDC.o)
 .debug_frame   0x00001454      0x110 C:\Users\Vikas G\Documents\Atmel Studio\7.0\testblink\testblink\ArduinoCore\Debug\libArduinoCore.a(HardwareSerial.o)
 .debug_frame   0x00001564       0xc0 C:\Users\Vikas G\Documents\Atmel Studio\7.0\testblink\testblink\ArduinoCore\Debug\libArduinoCore.a(HardwareSerial1.o)
 .debug_frame   0x00001624       0x54 C:\Users\Vikas G\Documents\Atmel Studio\7.0\testblink\testblink\ArduinoCore\Debug\libArduinoCore.a(main.o)
 .debug_frame   0x00001678      0x39c C:\Users\Vikas G\Documents\Atmel Studio\7.0\testblink\testblink\ArduinoCore\Debug\libArduinoCore.a(Print.o)
 .debug_frame   0x00001a14      0x2f4 C:\Users\Vikas G\Documents\Atmel Studio\7.0\testblink\testblink\ArduinoCore\Debug\libArduinoCore.a(Stream.o)
 .debug_frame   0x00001d08      0x3a0 C:\Users\Vikas G\Documents\Atmel Studio\7.0\testblink\testblink\ArduinoCore\Debug\libArduinoCore.a(USBCore.o)
 .debug_frame   0x000020a8       0xc4 C:\Users\Vikas G\Documents\Atmel Studio\7.0\testblink\testblink\ArduinoCore\Debug\libArduinoCore.a(wiring.o)
 .debug_frame   0x0000216c       0x7c C:\Users\Vikas G\Documents\Atmel Studio\7.0\testblink\testblink\ArduinoCore\Debug\libArduinoCore.a(wiring_digital.o)
 .debug_frame   0x000021e8       0x24 C:\Users\Vikas G\Documents\Atmel Studio\7.0\testblink\testblink\ArduinoCore\Debug\libArduinoCore.a(hooks.o)
 .debug_frame   0x0000220c       0xec C:\Users\Vikas G\Documents\Atmel Studio\7.0\testblink\testblink\ArduinoCore\Debug\libArduinoCore.a(PluggableUSB.o)

.debug_str      0x00000000     0x4676
 *(.debug_str)
 .debug_str     0x00000000      0x67a BLE.o
                                0x6e3 (size before relaxing)
 .debug_str     0x0000067a       0xba QTouch.o
                                0x727 (size before relaxing)
 .debug_str     0x00000734      0xe1c main_Module.o
                               0x14e6 (size before relaxing)
 .debug_str     0x00001550      0x2e0 src/libraries/RTClib/RTClib.o
                                0x9df (size before relaxing)
 .debug_str     0x00001830      0x293 src/libraries/Wire/src/utility/twi.o
                                0x394 (size before relaxing)
 .debug_str     0x00001ac3      0xfc4 src/libraries/Wire/src/Wire.o
                               0x14e0 (size before relaxing)
 .debug_str     0x00002a87      0x704 HBT.o
                               0x177b (size before relaxing)
 .debug_str     0x0000318b      0x635 C:\Users\Vikas G\Documents\Atmel Studio\7.0\testblink\testblink\ArduinoCore\Debug\libArduinoCore.a(CDC.o)
                               0x1626 (size before relaxing)
 .debug_str     0x000037c0      0x272 C:\Users\Vikas G\Documents\Atmel Studio\7.0\testblink\testblink\ArduinoCore\Debug\libArduinoCore.a(HardwareSerial.o)
                               0x123f (size before relaxing)
 .debug_str     0x00003a32       0x47 C:\Users\Vikas G\Documents\Atmel Studio\7.0\testblink\testblink\ArduinoCore\Debug\libArduinoCore.a(HardwareSerial1.o)
                               0x1038 (size before relaxing)
 .debug_str     0x00003a79      0x106 C:\Users\Vikas G\Documents\Atmel Studio\7.0\testblink\testblink\ArduinoCore\Debug\libArduinoCore.a(main.o)
                                0x353 (size before relaxing)
 .debug_str     0x00003b7f      0x256 C:\Users\Vikas G\Documents\Atmel Studio\7.0\testblink\testblink\ArduinoCore\Debug\libArduinoCore.a(Print.o)
                                0xeb7 (size before relaxing)
 .debug_str     0x00003dd5       0x97 C:\Users\Vikas G\Documents\Atmel Studio\7.0\testblink\testblink\ArduinoCore\Debug\libArduinoCore.a(Stream.o)
                                0xf47 (size before relaxing)
 .debug_str     0x00003e6c      0x653 C:\Users\Vikas G\Documents\Atmel Studio\7.0\testblink\testblink\ArduinoCore\Debug\libArduinoCore.a(USBCore.o)
                                0xbcc (size before relaxing)
 .debug_str     0x000044bf       0x7f C:\Users\Vikas G\Documents\Atmel Studio\7.0\testblink\testblink\ArduinoCore\Debug\libArduinoCore.a(wiring.o)
                                0x23a (size before relaxing)
 .debug_str     0x0000453e       0xd0 C:\Users\Vikas G\Documents\Atmel Studio\7.0\testblink\testblink\ArduinoCore\Debug\libArduinoCore.a(wiring_digital.o)
                                0x2b9 (size before relaxing)
 .debug_str     0x0000460e       0x1c C:\Users\Vikas G\Documents\Atmel Studio\7.0\testblink\testblink\ArduinoCore\Debug\libArduinoCore.a(hooks.o)
                                0x12f (size before relaxing)
 .debug_str     0x0000462a       0x4c C:\Users\Vikas G\Documents\Atmel Studio\7.0\testblink\testblink\ArduinoCore\Debug\libArduinoCore.a(PluggableUSB.o)
                                0x555 (size before relaxing)

.debug_loc      0x00000000     0xbabe
 *(.debug_loc)
 .debug_loc     0x00000000       0xe2 BLE.o
 .debug_loc     0x000000e2      0xbc5 QTouch.o
 .debug_loc     0x00000ca7      0xba5 main_Module.o
 .debug_loc     0x0000184c     0x1806 src/libraries/RTClib/RTClib.o
 .debug_loc     0x00003052      0x3d7 src/libraries/Wire/src/utility/twi.o
 .debug_loc     0x00003429      0xb46 src/libraries/Wire/src/Wire.o
 .debug_loc     0x00003f6f     0x1ce3 HBT.o
 .debug_loc     0x00005c52      0x6e6 C:\Users\Vikas G\Documents\Atmel Studio\7.0\testblink\testblink\ArduinoCore\Debug\libArduinoCore.a(CDC.o)
 .debug_loc     0x00006338      0x497 C:\Users\Vikas G\Documents\Atmel Studio\7.0\testblink\testblink\ArduinoCore\Debug\libArduinoCore.a(HardwareSerial.o)
 .debug_loc     0x000067cf      0x161 C:\Users\Vikas G\Documents\Atmel Studio\7.0\testblink\testblink\ArduinoCore\Debug\libArduinoCore.a(HardwareSerial1.o)
 .debug_loc     0x00006930     0x1ef5 C:\Users\Vikas G\Documents\Atmel Studio\7.0\testblink\testblink\ArduinoCore\Debug\libArduinoCore.a(Print.o)
 .debug_loc     0x00008825     0x1424 C:\Users\Vikas G\Documents\Atmel Studio\7.0\testblink\testblink\ArduinoCore\Debug\libArduinoCore.a(Stream.o)
 .debug_loc     0x00009c49     0x1186 C:\Users\Vikas G\Documents\Atmel Studio\7.0\testblink\testblink\ArduinoCore\Debug\libArduinoCore.a(USBCore.o)
 .debug_loc     0x0000adcf      0x269 C:\Users\Vikas G\Documents\Atmel Studio\7.0\testblink\testblink\ArduinoCore\Debug\libArduinoCore.a(wiring.o)
 .debug_loc     0x0000b038      0x64c C:\Users\Vikas G\Documents\Atmel Studio\7.0\testblink\testblink\ArduinoCore\Debug\libArduinoCore.a(wiring_digital.o)
 .debug_loc     0x0000b684      0x43a C:\Users\Vikas G\Documents\Atmel Studio\7.0\testblink\testblink\ArduinoCore\Debug\libArduinoCore.a(PluggableUSB.o)

.debug_macinfo
 *(.debug_macinfo)

.debug_weaknames
 *(.debug_weaknames)

.debug_funcnames
 *(.debug_funcnames)

.debug_typenames
 *(.debug_typenames)

.debug_varnames
 *(.debug_varnames)

.debug_pubtypes
 *(.debug_pubtypes)

.debug_ranges   0x00000000      0xb48
 *(.debug_ranges)
 .debug_ranges  0x00000000       0x28 BLE.o
 .debug_ranges  0x00000028       0xd0 QTouch.o
 .debug_ranges  0x000000f8       0x78 main_Module.o
 .debug_ranges  0x00000170      0x118 src/libraries/RTClib/RTClib.o
 .debug_ranges  0x00000288       0x68 src/libraries/Wire/src/utility/twi.o
 .debug_ranges  0x000002f0       0xd8 src/libraries/Wire/src/Wire.o
 .debug_ranges  0x000003c8      0x190 HBT.o
 .debug_ranges  0x00000558       0xb0 C:\Users\Vikas G\Documents\Atmel Studio\7.0\testblink\testblink\ArduinoCore\Debug\libArduinoCore.a(CDC.o)
 .debug_ranges  0x00000608       0x70 C:\Users\Vikas G\Documents\Atmel Studio\7.0\testblink\testblink\ArduinoCore\Debug\libArduinoCore.a(HardwareSerial.o)
 .debug_ranges  0x00000678       0x28 C:\Users\Vikas G\Documents\Atmel Studio\7.0\testblink\testblink\ArduinoCore\Debug\libArduinoCore.a(HardwareSerial1.o)
 .debug_ranges  0x000006a0       0x28 C:\Users\Vikas G\Documents\Atmel Studio\7.0\testblink\testblink\ArduinoCore\Debug\libArduinoCore.a(main.o)
 .debug_ranges  0x000006c8      0x128 C:\Users\Vikas G\Documents\Atmel Studio\7.0\testblink\testblink\ArduinoCore\Debug\libArduinoCore.a(Print.o)
 .debug_ranges  0x000007f0       0xe8 C:\Users\Vikas G\Documents\Atmel Studio\7.0\testblink\testblink\ArduinoCore\Debug\libArduinoCore.a(Stream.o)
 .debug_ranges  0x000008d8      0x190 C:\Users\Vikas G\Documents\Atmel Studio\7.0\testblink\testblink\ArduinoCore\Debug\libArduinoCore.a(USBCore.o)
 .debug_ranges  0x00000a68       0x38 C:\Users\Vikas G\Documents\Atmel Studio\7.0\testblink\testblink\ArduinoCore\Debug\libArduinoCore.a(wiring.o)
 .debug_ranges  0x00000aa0       0x28 C:\Users\Vikas G\Documents\Atmel Studio\7.0\testblink\testblink\ArduinoCore\Debug\libArduinoCore.a(wiring_digital.o)
 .debug_ranges  0x00000ac8       0x10 C:\Users\Vikas G\Documents\Atmel Studio\7.0\testblink\testblink\ArduinoCore\Debug\libArduinoCore.a(hooks.o)
 .debug_ranges  0x00000ad8       0x70 C:\Users\Vikas G\Documents\Atmel Studio\7.0\testblink\testblink\ArduinoCore\Debug\libArduinoCore.a(PluggableUSB.o)

.debug_macro
 *(.debug_macro)
OUTPUT(main_SDK.elf elf32-avr)
LOAD linker stubs
